TAP version 13
# (node:27492) ExperimentalWarning: Type Stripping is an experimental feature and might change at any time
# (Use `node --trace-warnings ...` to show where the warning was created)
# Subtest: absolute API branch coverage
    # Subtest: executes every trusted checkout validation, lookup and provider branch
    ok 1 - executes every trusted checkout validation, lookup and provider branch
      ---
      duration_ms: 5.056869
      ...
    # Subtest: executes every public design-share guard, address and error mapping branch
    ok 2 - executes every public design-share guard, address and error mapping branch
      ---
      duration_ms: 1.213472
      ...
    # Subtest: executes Formspree endpoint, guard, address and non-Error failure branches
    ok 3 - executes Formspree endpoint, guard, address and non-Error failure branches
      ---
      duration_ms: 0.602482
      ...
    # Subtest: executes guest-order token, no-email, guard and trusted-store failure branches
    ok 4 - executes guest-order token, no-email, guard and trusted-store failure branches
      ---
      duration_ms: 1.973143
      ...
    # Subtest: executes quote wrapper/default/data-shape/membership/guard and failure branches
    ok 5 - executes quote wrapper/default/data-shape/membership/guard and failure branches
      ---
      duration_ms: 1.967808
      ...
    # Subtest: executes payment-recovery guard, amount fallbacks, status fallbacks and non-Error failure
    ok 6 - executes payment-recovery guard, amount fallbacks, status fallbacks and non-Error failure
      ---
      duration_ms: 1.457527
      ...
    # Subtest: executes special-request body, file-count, upload and non-Error failure branches
    ok 7 - executes special-request body, file-count, upload and non-Error failure branches
      ---
      duration_ms: 10.120625
      ...
    1..7
ok 1 - absolute API branch coverage
  ---
  duration_ms: 23.316126
  type: 'suite'
  ...
# Subtest: absolute pure-module branch coverage
    # Subtest: executes roster delimiter, fallback field and escaping branches
    ok 1 - executes roster delimiter, fallback field and escaping branches
      ---
      duration_ms: 1.26076
      ...
    # Subtest: executes catalog inventory, brand, availability and selector fallback branches
    ok 2 - executes catalog inventory, brand, availability and selector fallback branches
      ---
      duration_ms: 1.374822
      ...
    # Subtest: executes design-studio defaults, no-op, history, error and share fallbacks
    ok 3 - executes design-studio defaults, no-op, history, error and share fallbacks
      ---
      duration_ms: 26.141227
      ...
    # Subtest: executes Supabase runtime aliases, fallback signal, dynamic import and auth null branches
    ok 4 - executes Supabase runtime aliases, fallback signal, dynamic import and auth null branches
      ---
      duration_ms: 0.686369
      ...
    # Subtest: executes every production artwork shape, layer and document branch
    ok 5 - executes every production artwork shape, layer and document branch
      ---
      duration_ms: 3.783903
      ...
    # Subtest: executes spreadsheet malformed, fallback, shared-string and file-type branches
    ok 6 - executes spreadsheet malformed, fallback, shared-string and file-type branches
      ---
      duration_ms: 1.211907
      ...
    1..6
ok 2 - absolute pure-module branch coverage
  ---
  duration_ms: 34.81668
  type: 'suite'
  ...
# Subtest: teams, wholesale and operations architecture
    # Subtest: creates the full B2B data model with RLS
    ok 1 - creates the full B2B data model with RLS
      ---
      duration_ms: 1.23395
      ...
    # Subtest: uses staff-only RPCs for commercial mutations
    ok 2 - uses staff-only RPCs for commercial mutations
      ---
      duration_ms: 0.283371
      ...
    # Subtest: supports customer design and quote approval through guarded RPCs
    ok 3 - supports customer design and quote approval through guarded RPCs
      ---
      duration_ms: 0.151856
      ...
    # Subtest: keeps staff operations out of public navigation but exposes a guarded route
    ok 4 - keeps staff operations out of public navigation but exposes a guarded route
      ---
      duration_ms: 11.00486
      ...
    1..4
ok 3 - teams, wholesale and operations architecture
  ---
  duration_ms: 13.856339
  type: 'suite'
  ...
# (node:27495) ExperimentalWarning: Type Stripping is an experimental feature and might change at any time
# (Use `node --trace-warnings ...` to show where the warning was created)
# Subtest: SHABABUNA catalogue
    # Subtest: contains every required shop department
    ok 1 - contains every required shop department
      ---
      duration_ms: 0.577678
      ...
    # Subtest: keeps product names English in both interfaces while descriptions are bilingual
    ok 2 - keeps product names English in both interfaces while descriptions are bilingual
      ---
      duration_ms: 5.017589
      ...
    # Subtest: publishes every catalogue brand with safe supplier-order handling
    ok 3 - publishes every catalogue brand with safe supplier-order handling
      ---
      duration_ms: 0.248766
      ...
    # Subtest: preserves product-specific wholesale minimums on customizable manufacturing products
    ok 4 - preserves product-specific wholesale minimums on customizable manufacturing products
      ---
      duration_ms: 0.310568
      ...
    # Subtest: never exposes an unverified manufacturing claim
    ok 5 - never exposes an unverified manufacturing claim
      ---
      duration_ms: 6.105683
      ...
    # Subtest: copies the entire LHA shop with unchanged retail prices
    ok 6 - copies the entire LHA shop with unchanged retail prices
      ---
      duration_ms: 0.327384
      ...
    1..6
ok 4 - SHABABUNA catalogue
  ---
  duration_ms: 13.294798
  type: 'suite'
  ...
# Subtest: trusted checkout session API
    # Subtest: rejects methods, oversized bodies and malformed references before provider access
    ok 1 - rejects methods, oversized bodies and malformed references before provider access
      ---
      duration_ms: 1.524361
      ...
    # Subtest: fails closed when payment or trusted order storage is unavailable
    ok 2 - fails closed when payment or trusted order storage is unavailable
      ---
      duration_ms: 1.578249
      ...
    # Subtest: returns trusted lookup errors and never trusts browser totals
    ok 3 - returns trusted lookup errors and never trusts browser totals
      ---
      duration_ms: 0.91444
      ...
    # Subtest: blocks every non-payable order state and customer mismatch
    ok 4 - blocks every non-payable order state and customer mismatch
      ---
      duration_ms: 1.328133
      ...
    # Subtest: creates a provider session from the server-trusted amount and immutable identity
    ok 5 - creates a provider session from the server-trusted amount and immutable identity
      ---
      duration_ms: 1.340701
      ...
    # Subtest: supports the configured Libyan card adapter and maps provider failures safely
    ok 6 - supports the configured Libyan card adapter and maps provider failures safely
      ---
      duration_ms: 0.65407
      ...
    1..6
ok 5 - trusted checkout session API
  ---
  duration_ms: 8.059203
  type: 'suite'
  ...
# (node:27536) ExperimentalWarning: Type Stripping is an experimental feature and might change at any time
# (Use `node --trace-warnings ...` to show where the warning was created)
# Subtest: order status presentation
    # Subtest: presents every declared status in English and Arabic
    ok 1 - presents every declared status in English and Arabic
      ---
      duration_ms: 1.538129
      ...
    # Subtest: normalizes known values and fails safely for unknown values
    ok 2 - normalizes known values and fails safely for unknown values
      ---
      duration_ms: 0.244354
      ...
    1..2
ok 6 - order status presentation
  ---
  duration_ms: 2.754552
  type: 'suite'
  ...
# Subtest: fulfillment classification
    # Subtest: honors supported explicit fulfillment values
    ok 1 - honors supported explicit fulfillment values
      ---
      duration_ms: 0.359619
      ...
    # Subtest: maps legacy item types and defaults unknown items to physical
    ok 2 - maps legacy item types and defaults unknown items to physical
      ---
      duration_ms: 0.182454
      ...
    # Subtest: requires shipping only when at least one physical line exists
    ok 3 - requires shipping only when at least one physical line exists
      ---
      duration_ms: 0.289814
      ...
    1..3
ok 7 - fulfillment classification
  ---
  duration_ms: 1.046839
  type: 'suite'
  ...
# Subtest: safe internal navigation
    # Subtest: accepts only allow-listed local routes including query and hash values
    ok 1 - accepts only allow-listed local routes including query and hash values
      ---
      duration_ms: 0.678205
      ...
    # Subtest: rejects open redirects, encoded tricks, credentials and control characters
    ok 2 - rejects open redirects, encoded tricks, credentials and control characters
      ---
      duration_ms: 0.447373
      ...
    1..2
ok 8 - safe internal navigation
  ---
  duration_ms: 1.39868
  type: 'suite'
  ...
# Subtest: site search
    # Subtest: normalizes punctuation, Arabic marks and repeated whitespace
    ok 1 - normalizes punctuation, Arabic marks and repeated whitespace
      ---
      duration_ms: 2.409684
      ...
    # Subtest: ranks exact and prefix suggestions deterministically without duplicates
    ok 2 - ranks exact and prefix suggestions deterministically without duplicates
      ---
      duration_ms: 2.233845
      ...
    # Subtest: filters products and pages by type, color and brand
    ok 3 - filters products and pages by type, color and brand
      ---
      duration_ms: 1.225253
      ...
    # Subtest: builds stable unique facets
    ok 4 - builds stable unique facets
      ---
      duration_ms: 0.364834
      ...
    1..4
ok 9 - site search
  ---
  duration_ms: 6.531951
  type: 'suite'
  ...
# (node:27537) ExperimentalWarning: Type Stripping is an experimental feature and might change at any time
# (Use `node --trace-warnings ...` to show where the warning was created)
# Subtest: 100% API and security branch closure
    # Subtest: closes guest-token, template and request-security fallbacks
    ok 1 - closes guest-token, template and request-security fallbacks
      ---
      duration_ms: 3.486348
      ...
    # Subtest: closes guest order access privacy and fallback branches
    ok 2 - closes guest order access privacy and fallback branches
      ---
      duration_ms: 2.294417
      ...
    # Subtest: closes quote intake body/default/membership/insert branches
    ok 3 - closes quote intake body/default/membership/insert branches
      ---
      duration_ms: 2.522405
      ...
    # Subtest: closes payment recovery amount, auth, expiry and provider branches
    ok 4 - closes payment recovery amount, auth, expiry and provider branches
      ---
      duration_ms: 3.192186
      ...
    # Subtest: closes special-request URL, scanner, files, insert and error branches
    ok 5 - closes special-request URL, scanner, files, insert and error branches
      ---
      duration_ms: 2.923641
      ...
    # Subtest: closes Formspree endpoint, payload, guard, provider and thrown branches
    ok 6 - closes Formspree endpoint, payload, guard, provider and thrown branches
      ---
      duration_ms: 1.198453
      ...
    # Subtest: closes trusted checkout and design-share API remaining branches
    ok 7 - closes trusted checkout and design-share API remaining branches
      ---
      duration_ms: 1.381094
      ...
    1..7
ok 10 - 100% API and security branch closure
  ---
  duration_ms: 17.827755
  type: 'suite'
  ...
# Subtest: 100% data, studio and document branch closure
    # Subtest: executes every catalog normalization and selector branch
    ok 1 - executes every catalog normalization and selector branch
      ---
      duration_ms: 6.904899
      ...
    # Subtest: executes every customization roster fallback
    ok 2 - executes every customization roster fallback
      ---
      duration_ms: 0.400195
      ...
    # Subtest: executes every design studio branch and cloud operation path
    ok 3 - executes every design studio branch and cloud operation path
      ---
      duration_ms: 2.076441
      ...
    # Subtest: executes every Supabase runtime, client and auth callback branch
    ok 4 - executes every Supabase runtime, client and auth callback branch
      ---
      duration_ms: 1.211808
      ...
    # Subtest: executes archive, spreadsheet, PDF, search and navigation branches
    ok 5 - executes archive, spreadsheet, PDF, search and navigation branches
      ---
      duration_ms: 9.043986
      ...
    1..5
ok 11 - 100% data, studio and document branch closure
  ---
  duration_ms: 19.859379
  type: 'suite'
  ...
# (node:27558) ExperimentalWarning: Type Stripping is an experimental feature and might change at any time
# (Use `node --trace-warnings ...` to show where the warning was created)
# Subtest: CSP and PWA hardening
    # Subtest: uses a reference-counted class scroll lock without inline style mutation
    ok 1 - uses a reference-counted class scroll lock without inline style mutation
      ---
      duration_ms: 0.672354
      ...
    # Subtest: forbids inline style attributes and authorizes only declared analytics origins
    ok 2 - forbids inline style attributes and authorizes only declared analytics origins
      ---
      duration_ms: 8.926637
      ...
    # Subtest: keeps sensitive routes network-only and revisions caches by build id
    ok 3 - keeps sensitive routes network-only and revisions caches by build id
      ---
      duration_ms: 0.98912
      ...
    # Subtest: contains no React inline style props or direct style mutations
    ok 4 - contains no React inline style props or direct style mutations
      ---
      duration_ms: 2.785206
      ...
    1..4
ok 12 - CSP and PWA hardening
  ---
  duration_ms: 14.160392
  type: 'suite'
  ...
# Subtest: custom manufacturing studio
    # Subtest: enforces product-specific minimums
    ok 1 - enforces product-specific minimums
      ---
      duration_ms: 0.505063
      ...
    # Subtest: supports a purpose-built preview for every custom product
    ok 2 - supports a purpose-built preview for every custom product
      ---
      duration_ms: 0.265382
      ...
    # Subtest: detects duplicate numbers and missing fields
    ok 3 - detects duplicate numbers and missing fields
      ---
      duration_ms: 0.678886
      ...
    # Subtest: round-trips a roster through CSV without losing essential fields
    ok 4 - round-trips a roster through CSV without losing essential fields
      ---
      duration_ms: 0.544702
      ...
    1..4
ok 13 - custom manufacturing studio
  ---
  duration_ms: 3.24506
  type: 'suite'
  ...
# (node:27580) ExperimentalWarning: Type Stripping is an experimental feature and might change at any time
# (Use `node --trace-warnings ...` to show where the warning was created)
# Subtest: taxonomy and geography exhaustive
    # Subtest: finds every category and handles missing taxonomy safely
    ok 1 - finds every category and handles missing taxonomy safely
      ---
      duration_ms: 0.624374
      ...
    # Subtest: normalizes, localizes and searches every country branch
    ok 2 - normalizes, localizes and searches every country branch
      ---
      duration_ms: 14.610453
      ...
    1..2
ok 14 - taxonomy and geography exhaustive
  ---
  duration_ms: 15.845376
  type: 'suite'
  ...
# Subtest: customization data exhaustive
    # Subtest: uses known types and safe fallback
    ok 1 - uses known types and safe fallback
      ---
      duration_ms: 0.243317
      ...
    # Subtest: normalizes roster fields, errors, duplicate numbers and filters empty rows
    ok 2 - normalizes roster fields, errors, duplicate numbers and filters empty rows
      ---
      duration_ms: 0.501763
      ...
    # Subtest: parses header/no-header, comma/semicolon, BOM, Arabic and empty CSVs
    ok 3 - parses header/no-header, comma/semicolon, BOM, Arabic and empty CSVs
      ---
      duration_ms: 1.05574
      ...
    # Subtest: serializes a stable escaped roster CSV
    ok 4 - serializes a stable escaped roster CSV
      ---
      duration_ms: 0.219459
      ...
    1..4
ok 15 - customization data exhaustive
  ---
  duration_ms: 2.226901
  type: 'suite'
  ...
# Subtest: LHA catalog normalizer and selectors exhaustive
    # Subtest: normalizes missing/default and verified inventory variants
    ok 1 - normalizes missing/default and verified inventory variants
      ---
      duration_ms: 0.295234
      ...
    # Subtest: covers archived, coming soon, digital and sold-out states and metadata overrides
    ok 2 - covers archived, coming soon, digital and sold-out states and metadata overrides
      ---
      duration_ms: 0.232348
      ...
    # Subtest: executes all raw LHA selectors and stock checks
    ok 3 - executes all raw LHA selectors and stock checks
      ---
      duration_ms: 0.439162
      ...
    1..3
ok 16 - LHA catalog normalizer and selectors exhaustive
  ---
  duration_ms: 1.665298
  type: 'suite'
  ...
# Subtest: global catalog normalizer and selectors exhaustive
    # Subtest: covers every trusted-stock source and unverified inventory behavior
    ok 1 - covers every trusted-stock source and unverified inventory behavior
      ---
      duration_ms: 0.228993
      ...
    # Subtest: normalizes default, active, draft, coming, sold, ready and verified claims
    ok 2 - normalizes default, active, draft, coming, sold, ready and verified claims
      ---
      duration_ms: 0.609125
      ...
    # Subtest: executes all global catalog selectors and ordering
    ok 3 - executes all global catalog selectors and ordering
      ---
      duration_ms: 1.590557
      ...
    1..3
ok 17 - global catalog normalizer and selectors exhaustive
  ---
  duration_ms: 2.520266
  type: 'suite'
  ...
# Subtest: production artwork exports
    # Subtest: creates dedicated vector artwork for every custom product and view
    ok 1 - creates dedicated vector artwork for every custom product and view
      ---
      duration_ms: 3.907083
      ...
    # Subtest: uses a safe jersey fallback for an unknown production preview
    ok 2 - uses a safe jersey fallback for an unknown production preview
      ---
      duration_ms: 0.10325
      ...
    # Subtest: packages SVG views, manifest and roster into a valid ZIP
    ok 3 - packages SVG views, manifest and roster into a valid ZIP
      ---
      duration_ms: 3.882146
      ...
    # Subtest: creates multi-page proof and tech-pack PDFs
    ok 4 - creates multi-page proof and tech-pack PDFs
      ---
      duration_ms: 6.728944
      ...
    1..4
ok 18 - production artwork exports
  ---
  duration_ms: 15.281162
  type: 'suite'
  ...
# Subtest: secure design share API
    # Subtest: loads a sanitized shared design through the server boundary
    ok 1 - loads a sanitized shared design through the server boundary
      ---
      duration_ms: 1.665894
      ...
    # Subtest: adds a pinned comment with Turnstile and rate limiting
    ok 2 - adds a pinned comment with Turnstile and rate limiting
      ---
      duration_ms: 0.558016
      ...
    # Subtest: approves a proof and requires a note for change requests
    ok 3 - approves a proof and requires a note for change requests
      ---
      duration_ms: 0.435062
      ...
    # Subtest: rejects invalid tokens, methods, comments and missing captcha
    ok 4 - rejects invalid tokens, methods, comments and missing captcha
      ---
      duration_ms: 1.109092
      ...
    1..4
ok 19 - secure design share API
  ---
  duration_ms: 4.505193
  type: 'suite'
  ...
# Subtest: secure design sharing
    # Subtest: exposes a real expiring share route and page
    ok 1 - exposes a real expiring share route and page
      ---
      duration_ms: 3.846919
      ...
    # Subtest: hashes tokens and gives anon only guarded RPC access
    ok 2 - hashes tokens and gives anon only guarded RPC access
      ---
      duration_ms: 1.12255
      ...
    1..2
ok 20 - secure design sharing
  ---
  duration_ms: 5.600923
  type: 'suite'
  ...
# Subtest: production design studio state
    # Subtest: creates editable front and back production layers
    ok 1 - creates editable front and back production layers
      ---
      duration_ms: 0.912232
      ...
    # Subtest: clamps unsafe layer coordinates and supports layer operations
    ok 2 - clamps unsafe layer coordinates and supports layer operations
      ---
      duration_ms: 0.965508
      ...
    # Subtest: maintains bounded undo and redo history
    ok 3 - maintains bounded undo and redo history
      ---
      duration_ms: 0.311101
      ...
    # Subtest: pins review comments to a named view
    ok 4 - pins review comments to a named view
      ---
      duration_ms: 0.300358
      ...
    1..4
ok 21 - production design studio state
  ---
  duration_ms: 3.156392
  type: 'suite'
  ...
# Subtest: design studio pure runtime exhaustive
    # Subtest: creates all default layers and normalizes hostile values
    ok 1 - creates all default layers and normalizes hostile values
      ---
      duration_ms: 3.923203
      ...
    # Subtest: adds, edits, duplicates, moves and removes every layer type
    ok 2 - adds, edits, duplicates, moves and removes every layer type
      ---
      duration_ms: 2.448175
      ...
    # Subtest: manages comments, history limits and production metadata
    ok 3 - manages comments, history limits and production metadata
      ---
      duration_ms: 0.625092
      ...
    1..3
ok 22 - design studio pure runtime exhaustive
  ---
  duration_ms: 7.594947
  type: 'suite'
  ...
# Subtest: Supabase client and auth redirect runtime exhaustive
    # Subtest: reports no config, invalid content and timeout/error sources
    ok 1 - reports no config, invalid content and timeout/error sources
      ---
      duration_ms: 1.034975
      ...
    # Subtest: creates a client directly from build-time aliases without a runtime request
    ok 2 - creates a client directly from build-time aliases without a runtime request
      ---
      duration_ms: 0.42801
      ...
    # Subtest: creates and caches a client from valid runtime aliases
    ok 3 - creates and caches a client from valid runtime aliases
      ---
      duration_ms: 0.404583
      ...
    # Subtest: creates confirm/recovery redirect URLs
    ok 4 - creates confirm/recovery redirect URLs
      ---
      duration_ms: 0.248677
      ...
    # Subtest: handles callback errors, implicit sessions, PKCE codes, OTP and no-op callbacks
    ok 5 - handles callback errors, implicit sessions, PKCE codes, OTP and no-op callbacks
      ---
      duration_ms: 0.902948
      ...
    1..5
ok 23 - Supabase client and auth redirect runtime exhaustive
  ---
  duration_ms: 3.301545
  type: 'suite'
  ...
# Subtest: design studio cloud/share operations exhaustive
    # Subtest: autosaves only trusted cloud designs and maps database errors
    ok 1 - autosaves only trusted cloud designs and maps database errors
      ---
      duration_ms: 0.940272
      ...
    # Subtest: creates secure shares with clamped expiry and validates tokens
    ok 2 - creates secure shares with clamped expiry and validates tokens
      ---
      duration_ms: 1.296259
      ...
    # Subtest: loads, comments and approves shared designs through the protected API
    ok 3 - loads, comments and approves shared designs through the protected API
      ---
      duration_ms: 0.686864
      ...
    1..3
ok 24 - design studio cloud/share operations exhaustive
  ---
  duration_ms: 3.045401
  type: 'suite'
  ...
# (node:27641) ExperimentalWarning: Type Stripping is an experimental feature and might change at any time
# (Use `node --trace-warnings ...` to show where the warning was created)
# Subtest: XLSX parser internals exhaustive
    # Subtest: decodes XML entities, columns, rows and CSV escaping
    ok 1 - decodes XML entities, columns, rows and CSV escaping
      ---
      duration_ms: 2.350258
      ...
    # Subtest: inflates deflate streams and fails when the runtime does not support them
    ok 2 - inflates deflate streams and fails when the runtime does not support them
      ---
      duration_ms: 18.867667
      ...
    # Subtest: reads stored and deflated ZIP entries and rejects every corrupt structure
    ok 3 - reads stored and deflated ZIP entries and rejects every corrupt structure
      ---
      duration_ms: 3.59477
      ...
    # Subtest: resolves workbook relationships and worksheet fallback paths
    ok 4 - resolves workbook relationships and worksheet fallback paths
      ---
      duration_ms: 1.380057
      ...
    # Subtest: parses shared-string and inline XLSX files and rejects invalid workbooks
    ok 5 - parses shared-string and inline XLSX files and rejects invalid workbooks
      ---
      duration_ms: 2.741672
      ...
    # Subtest: routes CSV/XLSX file types and applies size/type protection
    ok 6 - routes CSV/XLSX file types and applies size/type protection
      ---
      duration_ms: 0.879047
      ...
    1..6
ok 25 - XLSX parser internals exhaustive
  ---
  duration_ms: 30.559723
  type: 'suite'
  ...
# Subtest: PDF/document generation exhaustive
    # Subtest: creates multi-page text PDFs with escaped metadata, strings and table rows
    ok 1 - creates multi-page text PDFs with escaped metadata, strings and table rows
      ---
      duration_ms: 0.995703
      ...
    # Subtest: creates complete proof and tech documents for no-roster, artwork and long-roster cases
    ok 2 - creates complete proof and tech documents for no-roster, artwork and long-roster cases
      ---
      duration_ms: 16.73244
      ...
    # Subtest: downloads blobs through a temporary safe anchor
    ok 3 - downloads blobs through a temporary safe anchor
      ---
      duration_ms: 0.350365
      ...
    1..3
ok 26 - PDF/document generation exhaustive
  ---
  duration_ms: 18.30579
  type: 'suite'
  ...
# Subtest: navigation/search edge coverage
    # Subtest: accepts every allowed prefix shape and rejects every unsafe path class
    ok 1 - accepts every allowed prefix shape and rejects every unsafe path class
      ---
      duration_ms: 0.394797
      ...
    # Subtest: scores exact, full-prefix, word-prefix and substring candidates and reuses cached candidates
    ok 2 - scores exact, full-prefix, word-prefix and substring candidates and reuses cached candidates
      ---
      duration_ms: 1.996823
      ...
    # Subtest: supports every type/color/brand filter branch and limits pages/products independently
    ok 3 - supports every type/color/brand filter branch and limits pages/products independently
      ---
      duration_ms: 0.577465
      ...
    1..3
ok 27 - navigation/search edge coverage
  ---
  duration_ms: 3.061501
  type: 'suite'
  ...
# Subtest: enterprise production completion
    # Subtest: uses provider adapters for quotes and special requests
    ok 1 - uses provider adapters for quotes and special requests
      ---
      duration_ms: 4.064682
      ...
    # Subtest: enforces quote total as subtotal plus shipping plus tax less discount
    ok 2 - enforces quote total as subtotal plus shipping plus tax less discount
      ---
      duration_ms: 1.828323
      ...
    # Subtest: generates quote and invoice PDFs in the customer workspace
    ok 3 - generates quote and invoice PDFs in the customer workspace
      ---
      duration_ms: 0.812155
      ...
    # Subtest: quarantines staff media and scans it before use
    ok 4 - quarantines staff media and scans it before use
      ---
      duration_ms: 0.758695
      ...
    # Subtest: provides privacy export and retention workers
    ok 5 - provides privacy export and retention workers
      ---
      duration_ms: 0.930052
      ...
    # Subtest: removes all inline stylesheet permissions with CSP-safe UI primitives
    ok 6 - removes all inline stylesheet permissions with CSP-safe UI primitives
      ---
      duration_ms: 6.096924
      ...
    1..6
ok 28 - enterprise production completion
  ---
  duration_ms: 15.29818
  type: 'suite'
  ...
# Subtest: enterprise B2B workflows
    # Subtest: creates contracts, signatures, payment proofs, reorders and team lockers
    ok 1 - creates contracts, signatures, payment proofs, reorders and team lockers
      ---
      duration_ms: 0.662732
      ...
    # Subtest: protects customer enterprise data with membership and owner RLS
    ok 2 - protects customer enterprise data with membership and owner RLS
      ---
      duration_ms: 0.166775
      ...
    # Subtest: uses audited electronic signatures and cumulative payment proof records
    ok 3 - uses audited electronic signatures and cumulative payment proof records
      ---
      duration_ms: 0.994837
      ...
    # Subtest: exposes real customer workspace actions instead of marketing-only cards
    ok 4 - exposes real customer workspace actions instead of marketing-only cards
      ---
      duration_ms: 0.185749
      ...
    # Subtest: provides a guarded team locker route using trusted catalog products
    ok 5 - provides a guarded team locker route using trusted catalog products
      ---
      duration_ms: 0.178139
      ...
    # Subtest: adds staff visibility and actions for enterprise workflow queues
    ok 6 - adds staff visibility and actions for enterprise workflow queues
      ---
      duration_ms: 0.118522
      ...
    # Subtest: uploads private proofs through quarantine APIs and never accepts arbitrary public URLs as proof
    ok 7 - uploads private proofs through quarantine APIs and never accepts arbitrary public URLs as proof
      ---
      duration_ms: 0.119874
      ...
    1..7
ok 29 - enterprise B2B workflows
  ---
  duration_ms: 3.59015
  ...
# Subtest: special-request upload validation
    # Subtest: accepts supported signatures and normalizes names
    ok 1 - accepts supported signatures and normalizes names
      ---
      duration_ms: 1.553955
      ...
    # Subtest: rejects SVG and executable payloads
    ok 2 - rejects SVG and executable payloads
      ---
      duration_ms: 0.31802
      ...
    # Subtest: rejects encoding, extension, signature, declared MIME and role mismatch
    ok 3 - rejects encoding, extension, signature, declared MIME and role mismatch
      ---
      duration_ms: 0.281041
      ...
    # Subtest: enforces individual, count and aggregate limits
    ok 4 - enforces individual, count and aggregate limits
      ---
      duration_ms: 12.926767
      ...
    1..4
ok 30 - special-request upload validation
  ---
  duration_ms: 15.710156
  type: 'suite'
  ...
# Subtest: upload validator edge coverage
    # Subtest: uses safe names and default roles while rejecting extensionless uploads
    ok 1 - uses safe names and default roles while rejecting extensionless uploads
      ---
      duration_ms: 0.350451
      ...
    # Subtest: rejects supported extensions with unknown or corrupt signatures
    ok 2 - rejects supported extensions with unknown or corrupt signatures
      ---
      duration_ms: 0.174227
      ...
    # Subtest: accepts a data URL and sanitizes unsafe names
    ok 3 - accepts a data URL and sanitizes unsafe names
      ---
      duration_ms: 1.347983
      ...
    # Subtest: rejects base64 whose length is not divisible by four
    ok 4 - rejects base64 whose length is not divisible by four
      ---
      duration_ms: 0.275536
      ...
    1..4
ok 31 - upload validator edge coverage
  ---
  duration_ms: 2.406078
  type: 'suite'
  ...
# Subtest: upload validator complete input variants
    # Subtest: handles non-array inputs and empty declared MIME safely
    ok 1 - handles non-array inputs and empty declared MIME safely
      ---
      duration_ms: 0.569954
      ...
    # Subtest: rejects null base64 and mismatched jpg aliases only when invalid
    ok 2 - rejects null base64 and mismatched jpg aliases only when invalid
      ---
      duration_ms: 0.242166
      ...
    1..2
ok 32 - upload validator complete input variants
  ---
  duration_ms: 0.935103
  type: 'suite'
  ...
# Subtest: remaining special-request branches
    # Subtest: covers object inserts, generated idempotency, authenticated user and object file rows
    ok 1 - covers object inserts, generated idempotency, authenticated user and object file rows
      ---
      duration_ms: 2.981603
      ...
    # Subtest: covers scanner failure, duplicate image, captcha and create-row rejection paths
    ok 2 - covers scanner failure, duplicate image, captcha and create-row rejection paths
      ---
      duration_ms: 0.791014
      ...
    1..2
ok 33 - remaining special-request branches
  ---
  duration_ms: 4.385896
  type: 'suite'
  ...
# Subtest: remaining design-studio branches
    # Subtest: covers every fallback and successful/no-op history branch
    ok 1 - covers every fallback and successful/no-op history branch
      ---
      duration_ms: 1.346302
      ...
    # Subtest: covers normalization, mutation and request edge branches exhaustively
    ok 2 - covers normalization, mutation and request edge branches exhaustively
      ---
      duration_ms: 0.937289
      ...
    # Subtest: covers cloud autosave, share and shared-design fallbacks
    ok 3 - covers cloud autosave, share and shared-design fallbacks
      ---
      duration_ms: 1.823798
      ...
    1..3
ok 34 - remaining design-studio branches
  ---
  duration_ms: 4.335312
  type: 'suite'
  ...
# Subtest: remaining production-artwork branches
    # Subtest: renders every shape in front and side orientations plus every layer type
    ok 1 - renders every shape in front and side orientations plus every layer type
      ---
      duration_ms: 1.239632
      ...
    1..1
ok 35 - remaining production-artwork branches
  ---
  duration_ms: 1.380945
  type: 'suite'
  ...
# Subtest: remaining spreadsheet branches
    # Subtest: covers holes, missing shared strings, absolute relationships and file defaults
    ok 1 - covers holes, missing shared strings, absolute relationships and file defaults
      ---
      duration_ms: 3.745129
      ...
    1..1
ok 36 - remaining spreadsheet branches
  ---
  duration_ms: 3.889097
  type: 'suite'
  ...
# (node:27701) ExperimentalWarning: Type Stripping is an experimental feature and might change at any time
# (Use `node --trace-warnings ...` to show where the warning was created)
# Subtest: coverage closure for localization and navigation
    # Subtest: covers every order status language and unknown branch
    ok 1 - covers every order status language and unknown branch
      ---
      duration_ms: 1.054185
      ...
    # Subtest: covers country fallbacks, localization failure and mutable map fallback
    ok 2 - covers country fallbacks, localization failure and mutable map fallback
      ---
      duration_ms: 12.054841
      ...
    # Subtest: covers every safe-return path decision
    ok 3 - covers every safe-return path decision
      ---
      duration_ms: 0.443725
      ...
    1..3
ok 37 - coverage closure for localization and navigation
  ---
  duration_ms: 14.453705
  type: 'suite'
  ...
# Subtest: coverage closure for search and production exports
    # Subtest: covers all text scoring, candidate, cache, dedupe, filters and facets branches
    ok 1 - covers all text scoring, candidate, cache, dedupe, filters and facets branches
      ---
      duration_ms: 3.173141
      ...
    # Subtest: covers every product silhouette, XML, zip and manifest branch
    ok 2 - covers every product silhouette, XML, zip and manifest branch
      ---
      duration_ms: 8.016909
      ...
    1..2
ok 38 - coverage closure for search and production exports
  ---
  duration_ms: 11.345038
  type: 'suite'
  ...
# Subtest: coverage closure for signed guest access and payment
    # Subtest: covers CRON fallback, default TTL and every signed payload rejection
    ok 1 - covers CRON fallback, default TTL and every signed payload rejection
      ---
      duration_ms: 1.509192
      ...
    # Subtest: covers trusted checkout idempotency lookup, defaults and provider errors
    ok 2 - covers trusted checkout idempotency lookup, defaults and provider errors
      ---
      duration_ms: 1.864143
      ...
    1..2
ok 39 - coverage closure for signed guest access and payment
  ---
  duration_ms: 3.537454
  type: 'suite'
  ...
# Subtest: coverage closure for design-share API
    # Subtest: covers token arrays, missing designs and all action branches
    ok 1 - covers token arrays, missing designs and all action branches
      ---
      duration_ms: 1.496577
      ...
    # Subtest: maps not-found and generic RPC failures safely
    ok 2 - maps not-found and generic RPC failures safely
      ---
      duration_ms: 0.505107
      ...
    1..2
ok 40 - coverage closure for design-share API
  ---
  duration_ms: 2.089453
  type: 'suite'
  ...
# Subtest: coverage closure for readiness, scanner and notifications
    # Subtest: evaluates every required, optional and feature-readiness state
    ok 1 - evaluates every required, optional and feature-readiness state
      ---
      duration_ms: 1.160591
      ...
    # Subtest: fails file uploads closed in production while allowing URL-only intake
    ok 2 - fails file uploads closed in production while allowing URL-only intake
      ---
      duration_ms: 0.778169
      ...
    # Subtest: builds versioned bilingual notification templates and all fallbacks
    ok 3 - builds versioned bilingual notification templates and all fallbacks
      ---
      duration_ms: 0.255721
      ...
    1..3
ok 41 - coverage closure for readiness, scanner and notifications
  ---
  duration_ms: 2.2864
  type: 'suite'
  ...
# Subtest: coverage closure for Supabase runtime and documents
    # Subtest: covers build config aliases, client caching and every auth redirect branch
    ok 1 - covers build config aliases, client caching and every auth redirect branch
      ---
      duration_ms: 1.13087
      ...
    # Subtest: covers spreadsheet XML, ZIP and file-dispatch fallbacks
    ok 2 - covers spreadsheet XML, ZIP and file-dispatch fallbacks
      ---
      duration_ms: 1.670523
      ...
    # Subtest: covers remaining PDF primitive, pagination and fallback branches
    ok 3 - covers remaining PDF primitive, pagination and fallback branches
      ---
      duration_ms: 1.892028
      ...
    1..3
ok 42 - coverage closure for Supabase runtime and documents
  ---
  duration_ms: 5.172365
  type: 'suite'
  ...
# (node:27712) ExperimentalWarning: Type Stripping is an experimental feature and might change at any time
# (Use `node --trace-warnings ...` to show where the warning was created)
# Subtest: forms and media readiness
    # Subtest: uses the approved Formspree endpoint as the only application fallback
    ok 1 - uses the approved Formspree endpoint as the only application fallback
      ---
      duration_ms: 5.301099
      ...
    # Subtest: has a valid public media file for every product
    ok 2 - has a valid public media file for every product
      ---
      duration_ms: 0.592638
      ...
    # Subtest: ships the approved brand derivatives
    ok 3 - ships the approved brand derivatives
      ---
      duration_ms: 0.155516
      ...
    1..3
ok 43 - forms and media readiness
  ---
  duration_ms: 6.721035
  type: 'suite'
  ...
# Subtest: Formspree server adapter
    # Subtest: normalizes every Formspree endpoint and payload helper branch
    ok 1 - normalizes every Formspree endpoint and payload helper branch
      ---
      duration_ms: 1.371253
      ...
    # Subtest: accepts a provider 200 response
    ok 2 - accepts a provider 200 response
      ---
      duration_ms: 1.13784
      ...
    # Subtest: does not report success when provider returns 400
    ok 3 - does not report success when provider returns 400
      ---
      duration_ms: 0.377565
      ...
    # Subtest: does not report success when provider returns 429
    ok 4 - does not report success when provider returns 429
      ---
      duration_ms: 0.357524
      ...
    # Subtest: does not report success when provider returns 500
    ok 5 - does not report success when provider returns 500
      ---
      duration_ms: 0.359328
      ...
    # Subtest: reports delivery failure on timeout/network rejection
    ok 6 - reports delivery failure on timeout/network rejection
      ---
      duration_ms: 0.34786
      ...
    1..6
ok 44 - Formspree server adapter
  ---
  duration_ms: 5.458832
  type: 'suite'
  ...
# Subtest: Formspree public gateway exhaustive
    # Subtest: enforces method and rejects unsafe configuration
    ok 1 - enforces method and rejects unsafe configuration
      ---
      duration_ms: 1.354275
      ...
    # Subtest: fails captcha before contacting Formspree
    ok 2 - fails captcha before contacting Formspree
      ---
      duration_ms: 0.370896
      ...
    # Subtest: sanitizes keys and scalar/object/null values, removes captcha and caps entries
    ok 3 - sanitizes keys and scalar/object/null values, removes captcha and caps entries
      ---
      duration_ms: 2.135277
      ...
    # Subtest: maps upstream rejections and transport failures without exposing stack traces
    ok 4 - maps upstream rejections and transport failures without exposing stack traces
      ---
      duration_ms: 0.58683
      ...
    1..4
ok 45 - Formspree public gateway exhaustive
  ---
  duration_ms: 5.138644
  type: 'suite'
  ...
# Subtest: fulfillment consistency
    # Subtest: does not turn every customizable retail product into a 30–60 day custom order
    ok 1 - does not turn every customizable retail product into a 30–60 day custom order
      ---
      duration_ms: 6.124934
      ...
    # Subtest: keeps international shipping pending until a staff quote is added
    ok 2 - keeps international shipping pending until a staff quote is added
      ---
      duration_ms: 1.142528
      ...
    # Subtest: requires full electronic payment while preserving staged cash/custom rules
    ok 3 - requires full electronic payment while preserving staged cash/custom rules
      ---
      duration_ms: 0.216948
      ...
    1..3
ok 46 - fulfillment consistency
  ---
  duration_ms: 8.135435
  type: 'suite'
  ...
# (node:27756) ExperimentalWarning: Type Stripping is an experimental feature and might change at any time
# (Use `node --trace-warnings ...` to show where the warning was created)
# Subtest: worldwide geography
    # Subtest: supports Libya and global ISO destinations
    ok 1 - supports Libya and global ISO destinations
      ---
      duration_ms: 0.540205
      ...
    # Subtest: restricts cash to Libya
    ok 2 - restricts cash to Libya
      ---
      duration_ms: 0.129572
      ...
    # Subtest: does not require a postal code in Libya
    ok 3 - does not require a postal code in Libya
      ---
      duration_ms: 0.086811
      ...
    1..3
ok 47 - worldwide geography
  ---
  duration_ms: 1.347028
  type: 'suite'
  ...
# Subtest: business events cover sanitization, hashing, failures and production salt enforcement
ok 48 - business events cover sanitization, hashing, failures and production salt enforcement
  ---
  duration_ms: 12.780522
  ...
# Subtest: malware internals cover download, scanner forms, delete and expiry failure branches
ok 49 - malware internals cover download, scanner forms, delete and expiry failure branches
  ---
  duration_ms: 3.630344
  ...
# Subtest: worker handlers cover retry exhaustion, null rows and top-level failures
ok 50 - worker handlers cover retry exhaustion, null rows and top-level failures
  ---
  duration_ms: 3.47848
  ...
# Subtest: media internals cover object defaults, storage errors, timeout and provider response aliases
ok 51 - media internals cover object defaults, storage errors, timeout and provider response aliases
  ---
  duration_ms: 5.677459
  ...
# Subtest: signature adapter covers aliases, malformed JSON, missing fields, statuses and fallback header
ok 52 - signature adapter covers aliases, malformed JSON, missing fields, statuses and fallback header
  ---
  duration_ms: 1.794143
  ...
# Subtest: production preflight parses JPEG/WebP and rejects every incomplete factory/vector evidence branch
ok 53 - production preflight parses JPEG/WebP and rejects every incomplete factory/vector evidence branch
  ---
  duration_ms: 2.323428
  ...
# (node:27762) ExperimentalWarning: Type Stripping is an experimental feature and might change at any time
# (Use `node --trace-warnings ...` to show where the warning was created)
# Subtest: closes remaining business, readiness, provider and small utility branches
ok 54 - closes remaining business, readiness, provider and small utility branches
  ---
  duration_ms: 30.108725
  ...
# Subtest: closes all malware worker defensive branches without publishing unsafe files
ok 55 - closes all malware worker defensive branches without publishing unsafe files
  ---
  duration_ms: 4.381051
  ...
# Subtest: closes all media worker defensive branches and method guards
ok 56 - closes all media worker defensive branches and method guards
  ---
  duration_ms: 2.37869
  ...
# Subtest: closes production preflight raster/vector and factory evidence branches
ok 57 - closes production preflight raster/vector and factory evidence branches
  ---
  duration_ms: 0.910021
  ...
# Subtest: closes final design-share, worker and preflight branch aliases
ok 58 - closes final design-share, worker and preflight branch aliases
  ---
  duration_ms: 10.240538
  ...
# Subtest: malware worker deletes infected files, expires stale quarantine and keeps clean files
ok 59 - malware worker deletes infected files, expires stale quarantine and keeps clean files
  ---
  duration_ms: 17.461359
  ...
# Subtest: malware worker fails closed on scanner timeout and records a bounded retry
ok 60 - malware worker fails closed on scanner timeout and records a bounded retry
  ---
  duration_ms: 6.841232
  ...
# Subtest: malware worker rejects unauthorised and unsupported calls before touching storage
ok 61 - malware worker rejects unauthorised and unsupported calls before touching storage
  ---
  duration_ms: 0.246242
  ...
# Subtest: media worker deletes infected objects and records scanner evidence
ok 62 - media worker deletes infected objects and records scanner evidence
  ---
  duration_ms: 1.308404
  ...
# Subtest: media worker records provider errors and expiry deletion failures without publishing files
ok 63 - media worker records provider errors and expiry deletion failures without publishing files
  ---
  duration_ms: 1.377433
  ...
# (node:27789) ExperimentalWarning: Type Stripping is an experimental feature and might change at any time
# (Use `node --trace-warnings ...` to show where the warning was created)
# Subtest: currency conversion
    # Subtest: stores canonical USD and converts using rate 9
    ok 1 - stores canonical USD and converts using rate 9
      ---
      duration_ms: 0.653434
      ...
    # Subtest: rounds displayed LYD prices and handles invalid display values
    ok 2 - rounds displayed LYD prices and handles invalid display values
      ---
      duration_ms: 9.665391
      ...
    # Subtest: uses integer minor units for arithmetic, sums and percentages
    ok 3 - uses integer minor units for arithmetic, sums and percentages
      ---
      duration_ms: 0.249483
      ...
    # Subtest: rejects invalid amounts, quantities, rates and currencies
    ok 4 - rejects invalid amounts, quantities, rates and currencies
      ---
      duration_ms: 0.287068
      ...
    # Subtest: builds accessible labels in both languages and currencies
    ok 5 - builds accessible labels in both languages and currencies
      ---
      duration_ms: 0.363046
      ...
    1..5
ok 64 - currency conversion
  ---
  duration_ms: 11.850226
  type: 'suite'
  ...
# Subtest: money edge coverage
    # Subtest: supports zero, negative arithmetic and exact language fallbacks
    ok 1 - supports zero, negative arithmetic and exact language fallbacks
      ---
      duration_ms: 0.228467
      ...
    # Subtest: rejects unsupported target currencies before conversion
    ok 2 - rejects unsupported target currencies before conversion
      ---
      duration_ms: 0.799533
      ...
    1..2
ok 65 - money edge coverage
  ---
  duration_ms: 1.256933
  type: 'suite'
  ...
# Subtest: money Arabic LYD rendering
    # Subtest: renders the Arabic dinar label
    ok 1 - renders the Arabic dinar label
      ---
      duration_ms: 0.25889
      ...
    1..1
ok 66 - money Arabic LYD rendering
  ---
  duration_ms: 0.357235
  type: 'suite'
  ...
# Subtest: brand and navigation
    # Subtest: uses the approved brand identity and contact data
    ok 1 - uses the approved brand identity and contact data
      ---
      duration_ms: 1.549172
      ...
    # Subtest: keeps the requested minimal main navigation
    ok 2 - keeps the requested minimal main navigation
      ---
      duration_ms: 0.468872
      ...
    # Subtest: supports both personal and team/business registration paths
    ok 3 - supports both personal and team/business registration paths
      ---
      duration_ms: 0.608236
      ...
    1..3
ok 67 - brand and navigation
  ---
  duration_ms: 3.294873
  type: 'suite'
  ...
# Subtest: operations control center
    # Subtest: provides audited notification retry and security resolution
    ok 1 - provides audited notification retry and security resolution
      ---
      duration_ms: 3.734042
      ...
    # Subtest: blocks public media until a clean malware verdict
    ok 2 - blocks public media until a clean malware verdict
      ---
      duration_ms: 0.844739
      ...
    # Subtest: enforces a shipment state machine and queues customer notifications
    ok 3 - enforces a shipment state machine and queues customer notifications
      ---
      duration_ms: 1.285729
      ...
    # Subtest: adds collections, coupons, taxes, billing and fulfillment operations UI
    ok 4 - adds collections, coupons, taxes, billing and fulfillment operations UI
      ---
      duration_ms: 1.404044
      ...
    # Subtest: creates only safe draft products and audited draft variants
    ok 5 - creates only safe draft products and audited draft variants
      ---
      duration_ms: 1.57393
      ...
    # Subtest: supports atomic inventory CSV preview, apply and rollback
    ok 6 - supports atomic inventory CSV preview, apply and rollback
      ---
      duration_ms: 1.196745
      ...
    1..6
ok 68 - operations control center
  ---
  duration_ms: 11.009853
  type: 'suite'
  ...
# Subtest: payment adapters
    # Subtest: verifies hex and base64 HMAC safely
    ok 1 - verifies hex and base64 HMAC safely
      ---
      duration_ms: 1.252924
      ...
    # Subtest: normalizes payment and refund events in minor and major units
    ok 2 - normalizes payment and refund events in minor and major units
      ---
      duration_ms: 0.516752
      ...
    # Subtest: reports capabilities and creates a hosted session
    ok 3 - reports capabilities and creates a hosted session
      ---
      duration_ms: 1.200902
      ...
    # Subtest: retrieves a payment and creates a refund
    ok 4 - retrieves a payment and creates a refund
      ---
      duration_ms: 1.963709
      ...
    # Subtest: verifies provider-specific webhooks and maps errors
    ok 5 - verifies provider-specific webhooks and maps errors
      ---
      duration_ms: 0.581158
      ...
    # Subtest: rejects missing configuration, invalid redirects, provider errors and invalid refunds
    ok 6 - rejects missing configuration, invalid redirects, provider errors and invalid refunds
      ---
      duration_ms: 0.521065
      ...
    1..6
ok 69 - payment adapters
  ---
  duration_ms: 6.773912
  type: 'suite'
  ...
# Subtest: payment adapter edge coverage
    # Subtest: normalizes provider payload aliases and explicit minor amounts
    ok 1 - normalizes provider payload aliases and explicit minor amounts
      ---
      duration_ms: 0.220789
      ...
    # Subtest: reports partial capabilities and supports signature header fallbacks
    ok 2 - reports partial capabilities and supports signature header fallbacks
      ---
      duration_ms: 0.260238
      ...
    # Subtest: maps empty, malformed, client and server provider responses
    ok 3 - maps empty, malformed, client and server provider responses
      ---
      duration_ms: 0.589025
      ...
    # Subtest: requires HTTPS endpoints and provider secrets independently
    ok 4 - requires HTTPS endpoints and provider secrets independently
      ---
      duration_ms: 0.240131
      ...
    # Subtest: supports major-unit normalization, URL template encoding and response fallbacks
    ok 5 - supports major-unit normalization, URL template encoding and response fallbacks
      ---
      duration_ms: 0.370893
      ...
    # Subtest: validates every refund input and maps default errors
    ok 6 - validates every refund input and maps default errors
      ---
      duration_ms: 0.234387
      ...
    1..6
ok 70 - payment adapter edge coverage
  ---
  duration_ms: 2.121055
  type: 'suite'
  ...
# Subtest: payment adapter complete branches
    # Subtest: uses configured provider fallback names and alternate response fields
    ok 1 - uses configured provider fallback names and alternate response fields
      ---
      duration_ms: 0.291139
      ...
    # Subtest: captures text-read failures, provider error aliases and fetch failures
    ok 2 - captures text-read failures, provider error aliases and fetch failures
      ---
      duration_ms: 0.30646
      ...
    # Subtest: executes real abort timeout and custom timeout configuration
    ok 3 - executes real abort timeout and custom timeout configuration
      ---
      duration_ms: 10.286371
      ...
    # Subtest: covers missing metadata, transaction and currency fallbacks
    ok 4 - covers missing metadata, transaction and currency fallbacks
      ---
      duration_ms: 0.148174
      ...
    1..4
ok 71 - payment adapter complete branches
  ---
  duration_ms: 11.135526
  type: 'suite'
  ...
# Subtest: payment adapter final branch matrix
    # Subtest: covers empty payload and all refund amount aliases
    ok 1 - covers empty payload and all refund amount aliases
      ---
      duration_ms: 0.639394
      ...
    # Subtest: rejects missing secrets after valid retrieve and refund endpoint checks
    ok 2 - rejects missing secrets after valid retrieve and refund endpoint checks
      ---
      duration_ms: 0.184492
      ...
    # Subtest: uses configured retrieve and refund timeouts
    ok 3 - uses configured retrieve and refund timeouts
      ---
      duration_ms: 0.266485
      ...
    1..3
ok 72 - payment adapter final branch matrix
  ---
  duration_ms: 1.193515
  type: 'suite'
  ...
# Subtest: performance architecture
    # Subtest: uses responsive preloaded hero posters and defers video
    ok 1 - uses responsive preloaded hero posters and defers video
      ---
      duration_ms: 0.747993
      ...
    # Subtest: keeps critical hero posters tiny
    ok 2 - keeps critical hero posters tiny
      ---
      duration_ms: 1.049908
      ...
    # Subtest: enforces repeated-run median Lighthouse score and metric gates
    ok 3 - enforces repeated-run median Lighthouse score and metric gates
      ---
      duration_ms: 0.250713
      ...
    1..3
ok 73 - performance architecture
  ---
  duration_ms: 2.692765
  type: 'suite'
  ...
# (node:27834) ExperimentalWarning: Type Stripping is an experimental feature and might change at any time
# (Use `node --trace-warnings ...` to show where the warning was created)
# Subtest: product publishing eligibility
    # Subtest: validates real media, price and SKU
    ok 1 - validates real media, price and SKU
      ---
      duration_ms: 1.65512
      ...
    # Subtest: allows clearly labelled placeholder media but blocks unverified inventory
    ok 2 - allows clearly labelled placeholder media but blocks unverified inventory
      ---
      duration_ms: 0.367615
      ...
    # Subtest: supports active and safe coming-soon visibility
    ok 3 - supports active and safe coming-soon visibility
      ---
      duration_ms: 0.12367
      ...
    # Subtest: requires a purchasable variant
    ok 4 - requires a purchasable variant
      ---
      duration_ms: 0.22589
      ...
    # Subtest: requires verified Libya inventory for Ready to Ship
    ok 5 - requires verified Libya inventory for Ready to Ship
      ---
      duration_ms: 0.167484
      ...
    # Subtest: reports every publishing issue including unverified claims
    ok 6 - reports every publishing issue including unverified claims
      ---
      duration_ms: 5.477431
      ...
    1..6
ok 74 - product publishing eligibility
  ---
  duration_ms: 8.63924
  type: 'suite'
  ...
# Subtest: product eligibility edge coverage
    # Subtest: rejects missing products, unavailable variants and every unsafe inventory source
    ok 1 - rejects missing products, unavailable variants and every unsafe inventory source
      ---
      duration_ms: 0.216669
      ...
    # Subtest: handles coming soon media and status issue combinations exactly
    ok 2 - handles coming soon media and status issue combinations exactly
      ---
      duration_ms: 0.260809
      ...
    # Subtest: supports product-level stock only when variants are absent
    ok 3 - supports product-level stock only when variants are absent
      ---
      duration_ms: 0.15768
      ...
    1..3
ok 75 - product eligibility edge coverage
  ---
  duration_ms: 0.895497
  type: 'suite'
  ...
# Subtest: product eligibility complete branches
    # Subtest: computes safe purchase limits for tracked and supplier-order variants
    ok 1 - computes safe purchase limits for tracked and supplier-order variants
      ---
      duration_ms: 0.135495
      ...
    # Subtest: handles empty media status, non-string SKU and untracked availability
    ok 2 - handles empty media status, non-string SKU and untracked availability
      ---
      duration_ms: 0.060824
      ...
    # Subtest: handles null location and variant arrays with mixed stock
    ok 3 - handles null location and variant arrays with mixed stock
      ---
      duration_ms: 0.078447
      ...
    1..3
ok 76 - product eligibility complete branches
  ---
  duration_ms: 0.342111
  type: 'suite'
  ...
# Subtest: product inventory source fallback
    # Subtest: allows an empty non-blocked source when all other publishing requirements pass
    ok 1 - allows an empty non-blocked source when all other publishing requirements pass
      ---
      duration_ms: 0.048191
      ...
    1..1
ok 77 - product inventory source fallback
  ---
  duration_ms: 0.083037
  type: 'suite'
  ...
# Subtest: product eligibility final branch closure
    # Subtest: covers placeholder fallback media and each publish rejection independently
    ok 1 - covers placeholder fallback media and each publish rejection independently
      ---
      duration_ms: 0.076259
      ...
    # Subtest: covers inactive variants and ready-to-ship short circuits
    ok 2 - covers inactive variants and ready-to-ship short circuits
      ---
      duration_ms: 0.076339
      ...
    1..2
ok 78 - product eligibility final branch closure
  ---
  duration_ms: 0.231939
  type: 'suite'
  ...
# Subtest: production completion safeguards
    # Subtest: enforces strict TypeScript on migrated modules
    ok 1 - enforces strict TypeScript on migrated modules
      ---
      duration_ms: 4.071988
      ...
    # Subtest: keeps final payment outstanding until verified
    ok 2 - keeps final payment outstanding until verified
      ---
      duration_ms: 4.059141
      ...
    # Subtest: prevents cumulative duplicate returns
    ok 3 - prevents cumulative duplicate returns
      ---
      duration_ms: 0.939658
      ...
    # Subtest: requires AAL2 for trusted staff operations
    ok 4 - requires AAL2 for trusted staff operations
      ---
      duration_ms: 0.805832
      ...
    # Subtest: provides real retrieve/refund adapter paths instead of 501 placeholders
    ok 5 - provides real retrieve/refund adapter paths instead of 501 placeholders
      ---
      duration_ms: 5.479764
      ...
    # Subtest: protects public forms with Turnstile and file scanning architecture
    ok 6 - protects public forms with Turnstile and file scanning architecture
      ---
      duration_ms: 7.954711
      ...
    1..6
ok 79 - production completion safeguards
  ---
  duration_ms: 24.191375
  type: 'suite'
  ...
# Subtest: production preflight and manufacturing specifications
    # Subtest: provides a complete immutable generic template for every custom product
    ok 1 - provides a complete immutable generic template for every custom product
      ---
      duration_ms: 0.604086
      ...
    # Subtest: converts validated print colors to RGB, CMYK and CSV without inventing a spot color
    ok 2 - converts validated print colors to RGB, CMYK and CSV without inventing a spot color
      ---
      duration_ms: 1.282937
      ...
    # Subtest: passes quote preflight while requiring real factory proof before manufacturing
    ok 3 - passes quote preflight while requiring real factory proof before manufacturing
      ---
      duration_ms: 2.584697
      ...
    # Subtest: blocks invalid quantity, colors, artwork, roster and empty text layers
    ok 4 - blocks invalid quantity, colors, artwork, roster and empty text layers
      ---
      duration_ms: 1.359065
      ...
    # Subtest: flags unsafe placement and raster assets with measurable print requirements
    ok 5 - flags unsafe placement and raster assets with measurable print requirements
      ---
      duration_ms: 0.541692
      ...
    # Subtest: handles accessory products without applying roster blockers and uses defaults safely
    ok 6 - handles accessory products without applying roster blockers and uses defaults safely
      ---
      duration_ms: 0.302467
      ...
    1..6
ok 80 - production preflight and manufacturing specifications
  ---
  duration_ms: 7.358895
  type: 'suite'
  ...
# Subtest: guest order token cryptography
    # Subtest: normalizes identifiers and creates a bounded authenticated token
    ok 1 - normalizes identifiers and creates a bounded authenticated token
      ---
      duration_ms: 1.716614
      ...
    # Subtest: rejects invalid configuration, identities, signatures, payloads, expiry and mismatches
    ok 2 - rejects invalid configuration, identities, signatures, payloads, expiry and mismatches
      ---
      duration_ms: 0.647229
      ...
    1..2
ok 81 - guest order token cryptography
  ---
  duration_ms: 2.949507
  type: 'suite'
  ...
# Subtest: public quote intake API
    # Subtest: rejects methods, captcha and every validation class
    ok 1 - rejects methods, captcha and every validation class
      ---
      duration_ms: 1.533705
      ...
    # Subtest: returns a duplicate without inserting and creates a normalized guest quote otherwise
    ok 2 - returns a duplicate without inserting and creates a normalized guest quote otherwise
      ---
      duration_ms: 1.316499
      ...
    # Subtest: verifies authenticated organization membership and fails closed on insert errors
    ok 3 - verifies authenticated organization membership and fails closed on insert errors
      ---
      duration_ms: 1.120372
      ...
    1..3
ok 82 - public quote intake API
  ---
  duration_ms: 4.181643
  type: 'suite'
  ...
# Subtest: guest order access and payment recovery APIs
    # Subtest: returns privacy-preserving empty results and grants token access after captcha/email match
    ok 1 - returns privacy-preserving empty results and grants token access after captcha/email match
      ---
      duration_ms: 1.13177
      ...
    # Subtest: fails captcha and trusted storage safely
    ok 2 - fails captcha and trusted storage safely
      ---
      duration_ms: 0.416446
      ...
    # Subtest: authorizes account and guest payment retries and enforces every payable rule
    ok 3 - authorizes account and guest payment retries and enforces every payable rule
      ---
      duration_ms: 2.369567
      ...
    1..3
ok 83 - guest order access and payment recovery APIs
  ---
  duration_ms: 4.803808
  type: 'suite'
  ...
# Subtest: production readiness endpoint
    # Subtest: fails closed without required production services and never exposes secret values
    ok 1 - fails closed without required production services and never exposes secret values
      ---
      duration_ms: 7.138183
      ...
    # Subtest: reports ready only when every required environment contract is satisfied
    ok 2 - reports ready only when every required environment contract is satisfied
      ---
      duration_ms: 0.83768
      ...
    # Subtest: reports optional capabilities without making them production blockers
    ok 3 - reports optional capabilities without making them production blockers
      ---
      duration_ms: 0.301739
      ...
    # Subtest: supports HEAD health checks and rejects unsupported methods
    ok 4 - supports HEAD health checks and rejects unsupported methods
      ---
      duration_ms: 0.357673
      ...
    # Subtest: verifies live Supabase and form connectivity and fails safely
    ok 5 - verifies live Supabase and form connectivity and fails safely
      ---
      duration_ms: 0.935158
      ...
    # Subtest: covers disabled connectivity and every environment fallback
    ok 6 - covers disabled connectivity and every environment fallback
      ---
      duration_ms: 0.479276
      ...
    1..6
ok 84 - production readiness endpoint
  ---
  duration_ms: 10.702036
  type: 'suite'
  ...
# Subtest: release infrastructure hardening
    # Subtest: enforces real 100 percent runtime coverage for lines, branches and functions
    ok 1 - enforces real 100 percent runtime coverage for lines, branches and functions
      ---
      duration_ms: 1.140952
      ...
    # Subtest: uses Supabase CLI setup and executable pgTAP database assertions in CI
    ok 2 - uses Supabase CLI setup and executable pgTAP database assertions in CI
      ---
      duration_ms: 1.146905
      ...
    # Subtest: ships generic factory specifications and fail-closed production preflight artifacts
    ok 3 - ships generic factory specifications and fail-closed production preflight artifacts
      ---
      duration_ms: 0.396734
      ...
    1..3
ok 85 - release infrastructure hardening
  ---
  duration_ms: 3.447364
  type: 'suite'
  ...
# Subtest: executable RLS role matrix
    # Subtest: tests two unrelated customers and organization membership against real rows
    ok 1 - tests two unrelated customers and organization membership against real rows
      ---
      duration_ms: 0.503431
      ...
    # Subtest: tests anonymous, AAL1, AAL2 and service-role boundaries
    ok 2 - tests anonymous, AAL1, AAL2 and service-role boundaries
      ---
      duration_ms: 0.158108
      ...
    1..2
ok 86 - executable RLS role matrix
  ---
  duration_ms: 1.881472
  type: 'suite'
  ...
# Subtest: roster spreadsheet import
    # Subtest: imports XLSX rows without a third-party spreadsheet runtime
    ok 1 - imports XLSX rows without a third-party spreadsheet runtime
      ---
      duration_ms: 3.990407
      ...
    # Subtest: imports CSV and rejects unsupported files
    ok 2 - imports CSV and rejects unsupported files
      ---
      duration_ms: 0.534244
      ...
    1..2
ok 87 - roster spreadsheet import
  ---
  duration_ms: 5.097935
  type: 'suite'
  ...
# Subtest: trusted checkout architecture
    # Subtest: saves the trusted order before creating a hosted payment session
    ok 1 - saves the trusted order before creating a hosted payment session
      ---
      duration_ms: 1.454772
      ...
    # Subtest: reloads the trusted Supabase order on the server
    ok 2 - reloads the trusted Supabase order on the server
      ---
      duration_ms: 5.769244
      ...
    # Subtest: enforces shipping, wholesale and staged payment in SQL
    ok 3 - enforces shipping, wholesale and staged payment in SQL
      ---
      duration_ms: 0.207695
      ...
    1..3
ok 88 - trusted checkout architecture
  ---
  duration_ms: 8.172
  type: 'suite'
  ...
# Subtest: request security helpers exhaustive
    # Subtest: sets every API hardening header
    ok 1 - sets every API hardening header
      ---
      duration_ms: 0.828871
      ...
    # Subtest: rejects bad origins, oversized requests and quietly consumes honeypots
    ok 2 - rejects bad origins, oversized requests and quietly consumes honeypots
      ---
      duration_ms: 1.60973
      ...
    # Subtest: uses durable limits for allow and deny decisions
    ok 3 - uses durable limits for allow and deny decisions
      ---
      duration_ms: 0.674628
      ...
    # Subtest: fails closed in production when durable protection is unavailable
    ok 4 - fails closed in production when durable protection is unavailable
      ---
      duration_ms: 0.304821
      ...
    # Subtest: uses and exhausts the development fallback bucket
    ok 5 - uses and exhausts the development fallback bucket
      ---
      duration_ms: 0.36784
      ...
    # Subtest: compares bearer credentials in constant-time-compatible form
    ok 6 - compares bearer credentials in constant-time-compatible form
      ---
      duration_ms: 0.282664
      ...
    1..6
ok 89 - request security helpers exhaustive
  ---
  duration_ms: 4.734809
  type: 'suite'
  ...
# Subtest: Supabase REST helpers exhaustive
    # Subtest: validates admin configuration
    ok 1 - validates admin configuration
      ---
      duration_ms: 0.65397
      ...
    # Subtest: handles JSON, text, empty, binary and upstream errors for admin requests
    ok 2 - handles JSON, text, empty, binary and upstream errors for admin requests
      ---
      duration_ms: 0.451617
      ...
    # Subtest: resolves valid users and safely handles missing, denied, invalid and failed auth
    ok 3 - resolves valid users and safely handles missing, denied, invalid and failed auth
      ---
      duration_ms: 0.869003
      ...
    # Subtest: performs user-scoped requests with all response forms
    ok 4 - performs user-scoped requests with all response forms
      ---
      duration_ms: 0.550634
      ...
    1..4
ok 90 - Supabase REST helpers exhaustive
  ---
  duration_ms: 2.720345
  type: 'suite'
  ...
# Subtest: Turnstile and payment registry exhaustive
    # Subtest: covers test mode, missing configuration and all remote responses
    ok 1 - covers test mode, missing configuration and all remote responses
      ---
      duration_ms: 0.584429
      ...
    # Subtest: normalizes adapter IDs and reports only configured methods
    ok 2 - normalizes adapter IDs and reports only configured methods
      ---
      duration_ms: 0.177655
      ...
    1..2
ok 91 - Turnstile and payment registry exhaustive
  ---
  duration_ms: 0.826063
  type: 'suite'
  ...
# (node:27935) ExperimentalWarning: Type Stripping is an experimental feature and might change at any time
# (Use `node --trace-warnings ...` to show where the warning was created)
# Subtest: shipping rules
    # Subtest: uses 20 LYD inside Libya below the 70 USD free threshold
    ok 1 - uses 20 LYD inside Libya below the 70 USD free threshold
      ---
      duration_ms: 0.849906
      ...
    # Subtest: unlocks free delivery at 70 USD (630 LYD at the canonical rate)
    ok 2 - unlocks free delivery at 70 USD (630 LYD at the canonical rate)
      ---
      duration_ms: 0.160657
      ...
    # Subtest: applies paid shipping at 629 LYD equivalent and frees at 630/631 LYD
    ok 3 - applies paid shipping at 629 LYD equivalent and frees at 630/631 LYD
      ---
      duration_ms: 0.215263
      ...
    # Subtest: safely handles invalid rate and subtotal
    ok 4 - safely handles invalid rate and subtotal
      ---
      duration_ms: 0.098344
      ...
    # Subtest: does not charge shipping for digital-only carts
    ok 5 - does not charge shipping for digital-only carts
      ---
      duration_ms: 0.084005
      ...
    # Subtest: requires quotes for custom and large equipment
    ok 6 - requires quotes for custom and large equipment
      ---
      duration_ms: 0.92891
      ...
    # Subtest: uses configured international shipping including free rates
    ok 7 - uses configured international shipping including free rates
      ---
      duration_ms: 0.201118
      ...
    # Subtest: exposes promised delivery ranges and bilingual messages
    ok 8 - exposes promised delivery ranges and bilingual messages
      ---
      duration_ms: 0.546483
      ...
    1..8
ok 92 - shipping rules
  ---
  duration_ms: 3.939727
  type: 'suite'
  ...
# Subtest: shipping edge coverage
    # Subtest: normalizes empty and lowercase countries and invalid international rates
    ok 1 - normalizes empty and lowercase countries and invalid international rates
      ---
      duration_ms: 0.246124
      ...
    # Subtest: uses fallback rates for NaN, negative and missing exchange values
    ok 2 - uses fallback rates for NaN, negative and missing exchange values
      ---
      duration_ms: 0.203012
      ...
    # Subtest: clamps negative and huge subtotals and default options
    ok 3 - clamps negative and huge subtotals and default options
      ---
      duration_ms: 0.079194
      ...
    1..3
ok 93 - shipping edge coverage
  ---
  duration_ms: 0.649779
  type: 'suite'
  ...
# Subtest: shipping nullish subtotal branch
    # Subtest: treats a null subtotal as zero
    ok 1 - treats a null subtotal as zero
      ---
      duration_ms: 0.054864
      ...
    1..1
ok 94 - shipping nullish subtotal branch
  ---
  duration_ms: 0.088327
  type: 'suite'
  ...
# Subtest: loads a named HTTPS signature provider and supports the base API URL fallback
ok 95 - loads a named HTTPS signature provider and supports the base API URL fallback
  ---
  duration_ms: 0.913589
  ...
# Subtest: rejects unnamed, generic, incomplete and non-HTTPS provider configuration
ok 96 - rejects unnamed, generic, incomplete and non-HTTPS provider configuration
  ---
  duration_ms: 0.453439
  ...
# Subtest: creates a signature envelope with idempotency and rejects malformed provider responses
ok 97 - creates a signature envelope with idempotency and rejects malformed provider responses
  ---
  duration_ms: 24.268463
  ...
# Subtest: aborts an unresponsive signature provider using the configured timeout
ok 98 - aborts an unresponsive signature provider using the configured timeout
  ---
  duration_ms: 6.474765
  ...
# Subtest: verifies HMAC webhooks with a configurable header and rejects malformed signatures
ok 99 - verifies HMAC webhooks with a configurable header and rejects malformed signatures
  ---
  duration_ms: 0.820342
  ...
# Subtest: normalizes provider lifecycle events and preserves required signature evidence
ok 100 - normalizes provider lifecycle events and preserves required signature evidence
  ---
  duration_ms: 0.354226
  ...
# Subtest: simple PDF renderer branch-complete behavior
    # Subtest: escapes primitive values and renders every low-level primitive branch
    ok 1 - escapes primitive values and renders every low-level primitive branch
      ---
      duration_ms: 2.125308
      ...
    # Subtest: builds raw PDFs with default and supplied metadata
    ok 2 - builds raw PDFs with default and supplied metadata
      ---
      duration_ms: 0.510179
      ...
    # Subtest: covers text document pagination, empty sections and every row shape
    ok 3 - covers text document pagination, empty sections and every row shape
      ---
      duration_ms: 0.575767
      ...
    # Subtest: renders cover, artwork and tables with every fallback and optional column
    ok 4 - renders cover, artwork and tables with every fallback and optional column
      ---
      duration_ms: 6.264112
      ...
    # Subtest: creates documents from empty/full projects and all roster/layer fallbacks
    ok 5 - creates documents from empty/full projects and all roster/layer fallbacks
      ---
      duration_ms: 6.714795
      ...
    1..5
ok 101 - simple PDF renderer branch-complete behavior
  ---
  duration_ms: 16.899471
  type: 'suite'
  ...
# Subtest: special request API
    # Subtest: creates an idempotent URL request with trusted normalized fields
    ok 1 - creates an idempotent URL request with trusted normalized fields
      ---
      duration_ms: 2.392762
      ...
    # Subtest: uploads one verified product image to private quarantine storage
    ok 2 - uploads one verified product image to private quarantine storage
      ---
      duration_ms: 0.868542
      ...
    # Subtest: reuses an idempotently uploaded quarantine object after a storage conflict
    ok 3 - reuses an idempotently uploaded quarantine object after a storage conflict
      ---
      duration_ms: 1.355686
      ...
    # Subtest: rejects unsafe or incomplete customer input without touching commerce data
    ok 4 - rejects unsafe or incomplete customer input without touching commerce data
      ---
      duration_ms: 2.056993
      ...
    # Subtest: enforces method, origin, size and captcha protections
    ok 5 - enforces method, origin, size and captcha protections
      ---
      duration_ms: 0.508434
      ...
    # Subtest: fails closed when the trusted database row cannot be created
    ok 6 - fails closed when the trusted database row cannot be created
      ---
      duration_ms: 0.758188
      ...
    1..6
ok 102 - special request API
  ---
  duration_ms: 8.624209
  type: 'suite'
  ...
# Subtest: special request production architecture
    # Subtest: uses idempotent database creation and private quarantine storage
    ok 1 - uses idempotent database creation and private quarantine storage
      ---
      duration_ms: 0.473183
      ...
    # Subtest: supports customer decisions and protected staff updates
    ok 2 - supports customer decisions and protected staff updates
      ---
      duration_ms: 0.174919
      ...
    1..2
ok 103 - special request production architecture
  ---
  duration_ms: 1.988079
  type: 'suite'
  ...
1..103
# tests 323
# suites 80
# pass 323
# fail 0
# cancelled 0
# skipped 0
# todo 0
# duration_ms 878.660808
