TAP version 13
# (node:225460) ExperimentalWarning: Type Stripping is an experimental feature and might change at any time
# (Use `node --trace-warnings ...` to show where the warning was created)
# Subtest: absolute API branch coverage
    # Subtest: executes every trusted checkout validation, lookup and provider branch
    ok 1 - executes every trusted checkout validation, lookup and provider branch
      ---
      duration_ms: 8.335206
      ...
    # Subtest: executes every public design-share guard, address and error mapping branch
    ok 2 - executes every public design-share guard, address and error mapping branch
      ---
      duration_ms: 1.272295
      ...
    # Subtest: executes Formspree endpoint, guard, address and non-Error failure branches
    ok 3 - executes Formspree endpoint, guard, address and non-Error failure branches
      ---
      duration_ms: 0.810698
      ...
    # Subtest: executes guest-order token, no-email, guard and trusted-store failure branches
    ok 4 - executes guest-order token, no-email, guard and trusted-store failure branches
      ---
      duration_ms: 2.015128
      ...
    # Subtest: executes quote wrapper/default/data-shape/membership/guard and failure branches
    ok 5 - executes quote wrapper/default/data-shape/membership/guard and failure branches
      ---
      duration_ms: 2.023561
      ...
    # Subtest: executes payment-recovery guard, amount fallbacks, status fallbacks and non-Error failure
    ok 6 - executes payment-recovery guard, amount fallbacks, status fallbacks and non-Error failure
      ---
      duration_ms: 2.073487
      ...
    # Subtest: executes special-request body, file-count, upload and non-Error failure branches
    ok 7 - executes special-request body, file-count, upload and non-Error failure branches
      ---
      duration_ms: 3.113135
      ...
    1..7
ok 1 - absolute API branch coverage
  ---
  duration_ms: 20.407847
  type: 'suite'
  ...
# Subtest: absolute pure-module branch coverage
    # Subtest: executes roster delimiter, fallback field and escaping branches
    ok 1 - executes roster delimiter, fallback field and escaping branches
      ---
      duration_ms: 0.769067
      ...
    # Subtest: executes catalog inventory, brand, availability and selector fallback branches
    ok 2 - executes catalog inventory, brand, availability and selector fallback branches
      ---
      duration_ms: 0.79089
      ...
    # Subtest: executes design-studio defaults, no-op, history, error and share fallbacks
    ok 3 - executes design-studio defaults, no-op, history, error and share fallbacks
      ---
      duration_ms: 13.041322
      ...
    # Subtest: executes Supabase runtime aliases, fallback signal, dynamic import and auth null branches
    ok 4 - executes Supabase runtime aliases, fallback signal, dynamic import and auth null branches
      ---
      duration_ms: 0.66588
      ...
    # Subtest: executes every production artwork shape, layer and document branch
    ok 5 - executes every production artwork shape, layer and document branch
      ---
      duration_ms: 3.777225
      ...
    # Subtest: executes spreadsheet malformed, fallback, shared-string and file-type branches
    ok 6 - executes spreadsheet malformed, fallback, shared-string and file-type branches
      ---
      duration_ms: 1.174348
      ...
    1..6
ok 2 - absolute pure-module branch coverage
  ---
  duration_ms: 20.488823
  type: 'suite'
  ...
# Subtest: teams, wholesale and operations architecture
    # Subtest: creates the full B2B data model with RLS
    ok 1 - creates the full B2B data model with RLS
      ---
      duration_ms: 0.871058
      ...
    # Subtest: uses staff-only RPCs for commercial mutations
    ok 2 - uses staff-only RPCs for commercial mutations
      ---
      duration_ms: 0.224196
      ...
    # Subtest: supports customer design and quote approval through guarded RPCs
    ok 3 - supports customer design and quote approval through guarded RPCs
      ---
      duration_ms: 0.104451
      ...
    # Subtest: keeps staff operations out of public navigation but exposes a guarded route
    ok 4 - keeps staff operations out of public navigation but exposes a guarded route
      ---
      duration_ms: 6.131627
      ...
    1..4
ok 3 - teams, wholesale and operations architecture
  ---
  duration_ms: 8.093736
  type: 'suite'
  ...
# (node:225467) ExperimentalWarning: Type Stripping is an experimental feature and might change at any time
# (Use `node --trace-warnings ...` to show where the warning was created)
# Subtest: SHABABUNA catalogue
    # Subtest: contains every required shop department
    ok 1 - contains every required shop department
      ---
      duration_ms: 0.585852
      ...
    # Subtest: keeps product names English in both interfaces while descriptions are bilingual
    ok 2 - keeps product names English in both interfaces while descriptions are bilingual
      ---
      duration_ms: 10.709766
      ...
    # Subtest: publishes every catalogue brand with safe supplier-order handling
    ok 3 - publishes every catalogue brand with safe supplier-order handling
      ---
      duration_ms: 0.243728
      ...
    # Subtest: preserves product-specific wholesale minimums on customizable manufacturing products
    ok 4 - preserves product-specific wholesale minimums on customizable manufacturing products
      ---
      duration_ms: 0.317412
      ...
    # Subtest: never exposes an unverified manufacturing claim
    ok 5 - never exposes an unverified manufacturing claim
      ---
      duration_ms: 6.163599
      ...
    # Subtest: copies the entire LHA shop with unchanged retail prices
    ok 6 - copies the entire LHA shop with unchanged retail prices
      ---
      duration_ms: 0.313042
      ...
    1..6
ok 4 - SHABABUNA catalogue
  ---
  duration_ms: 19.057331
  type: 'suite'
  ...
# (node:225468) ExperimentalWarning: Type Stripping is an experimental feature and might change at any time
# (Use `node --trace-warnings ...` to show where the warning was created)
# Subtest: trusted checkout session API
    # Subtest: rejects methods, oversized bodies and malformed references before provider access
    ok 1 - rejects methods, oversized bodies and malformed references before provider access
      ---
      duration_ms: 1.364676
      ...
    # Subtest: fails closed when payment or trusted order storage is unavailable
    ok 2 - fails closed when payment or trusted order storage is unavailable
      ---
      duration_ms: 0.63281
      ...
    # Subtest: returns trusted lookup errors and never trusts browser totals
    ok 3 - returns trusted lookup errors and never trusts browser totals
      ---
      duration_ms: 0.974055
      ...
    # Subtest: blocks every non-payable order state and customer mismatch
    ok 4 - blocks every non-payable order state and customer mismatch
      ---
      duration_ms: 1.220494
      ...
    # Subtest: creates a provider session from the server-trusted amount and immutable identity
    ok 5 - creates a provider session from the server-trusted amount and immutable identity
      ---
      duration_ms: 1.358258
      ...
    # Subtest: supports the configured Libyan card adapter and maps provider failures safely
    ok 6 - supports the configured Libyan card adapter and maps provider failures safely
      ---
      duration_ms: 0.699647
      ...
    1..6
ok 5 - trusted checkout session API
  ---
  duration_ms: 6.99658
  type: 'suite'
  ...
# (node:225504) ExperimentalWarning: Type Stripping is an experimental feature and might change at any time
# (Use `node --trace-warnings ...` to show where the warning was created)
# Subtest: order status presentation
    # Subtest: presents every declared status in English and Arabic
    ok 1 - presents every declared status in English and Arabic
      ---
      duration_ms: 1.069079
      ...
    # Subtest: normalizes known values and fails safely for unknown values
    ok 2 - normalizes known values and fails safely for unknown values
      ---
      duration_ms: 0.13882
      ...
    1..2
ok 6 - order status presentation
  ---
  duration_ms: 1.802539
  type: 'suite'
  ...
# Subtest: fulfillment classification
    # Subtest: honors supported explicit fulfillment values
    ok 1 - honors supported explicit fulfillment values
      ---
      duration_ms: 0.222219
      ...
    # Subtest: maps legacy item types and defaults unknown items to physical
    ok 2 - maps legacy item types and defaults unknown items to physical
      ---
      duration_ms: 0.118808
      ...
    # Subtest: requires shipping only when at least one physical line exists
    ok 3 - requires shipping only when at least one physical line exists
      ---
      duration_ms: 0.158476
      ...
    1..3
ok 7 - fulfillment classification
  ---
  duration_ms: 0.631294
  type: 'suite'
  ...
# Subtest: safe internal navigation
    # Subtest: accepts only allow-listed local routes including query and hash values
    ok 1 - accepts only allow-listed local routes including query and hash values
      ---
      duration_ms: 0.39237
      ...
    # Subtest: rejects open redirects, encoded tricks, credentials and control characters
    ok 2 - rejects open redirects, encoded tricks, credentials and control characters
      ---
      duration_ms: 0.250325
      ...
    1..2
ok 8 - safe internal navigation
  ---
  duration_ms: 0.789983
  type: 'suite'
  ...
# Subtest: site search
    # Subtest: normalizes punctuation, Arabic marks and repeated whitespace
    ok 1 - normalizes punctuation, Arabic marks and repeated whitespace
      ---
      duration_ms: 1.693081
      ...
    # Subtest: ranks exact and prefix suggestions deterministically without duplicates
    ok 2 - ranks exact and prefix suggestions deterministically without duplicates
      ---
      duration_ms: 1.387407
      ...
    # Subtest: filters products and pages by type, color and brand
    ok 3 - filters products and pages by type, color and brand
      ---
      duration_ms: 0.780911
      ...
    # Subtest: builds stable unique facets
    ok 4 - builds stable unique facets
      ---
      duration_ms: 1.183547
      ...
    1..4
ok 9 - site search
  ---
  duration_ms: 5.237835
  type: 'suite'
  ...
# (node:225515) ExperimentalWarning: Type Stripping is an experimental feature and might change at any time
# (Use `node --trace-warnings ...` to show where the warning was created)
# Subtest: 100% API and security branch closure
    # Subtest: closes guest-token, template and request-security fallbacks
    ok 1 - closes guest-token, template and request-security fallbacks
      ---
      duration_ms: 5.167859
      ...
    # Subtest: closes guest order access privacy and fallback branches
    ok 2 - closes guest order access privacy and fallback branches
      ---
      duration_ms: 5.751065
      ...
    # Subtest: closes quote intake body/default/membership/insert branches
    ok 3 - closes quote intake body/default/membership/insert branches
      ---
      duration_ms: 9.735659
      ...
    # Subtest: closes payment recovery amount, auth, expiry and provider branches
    ok 4 - closes payment recovery amount, auth, expiry and provider branches
      ---
      duration_ms: 1.976756
      ...
    # Subtest: closes special-request URL, scanner, files, insert and error branches
    ok 5 - closes special-request URL, scanner, files, insert and error branches
      ---
      duration_ms: 7.788928
      ...
    # Subtest: closes Formspree endpoint, payload, guard, provider and thrown branches
    ok 6 - closes Formspree endpoint, payload, guard, provider and thrown branches
      ---
      duration_ms: 1.203003
      ...
    # Subtest: closes trusted checkout and design-share API remaining branches
    ok 7 - closes trusted checkout and design-share API remaining branches
      ---
      duration_ms: 1.433628
      ...
    1..7
ok 10 - 100% API and security branch closure
  ---
  duration_ms: 33.807434
  type: 'suite'
  ...
# Subtest: 100% data, studio and document branch closure
    # Subtest: executes every catalog normalization and selector branch
    ok 1 - executes every catalog normalization and selector branch
      ---
      duration_ms: 6.704419
      ...
    # Subtest: executes every customization roster fallback
    ok 2 - executes every customization roster fallback
      ---
      duration_ms: 0.41991
      ...
    # Subtest: executes every design studio branch and cloud operation path
    ok 3 - executes every design studio branch and cloud operation path
      ---
      duration_ms: 2.11981
      ...
    # Subtest: executes every Supabase runtime, client and auth callback branch
    ok 4 - executes every Supabase runtime, client and auth callback branch
      ---
      duration_ms: 2.076796
      ...
    # Subtest: executes archive, spreadsheet, PDF, search and navigation branches
    ok 5 - executes archive, spreadsheet, PDF, search and navigation branches
      ---
      duration_ms: 8.61789
      ...
    1..5
ok 11 - 100% data, studio and document branch closure
  ---
  duration_ms: 20.162425
  type: 'suite'
  ...
# (node:225517) ExperimentalWarning: Type Stripping is an experimental feature and might change at any time
# (Use `node --trace-warnings ...` to show where the warning was created)
# Subtest: CSP and PWA hardening
    # Subtest: uses a reference-counted class scroll lock without inline style mutation
    ok 1 - uses a reference-counted class scroll lock without inline style mutation
      ---
      duration_ms: 0.653395
      ...
    # Subtest: forbids inline style attributes and authorizes only declared analytics origins
    ok 2 - forbids inline style attributes and authorizes only declared analytics origins
      ---
      duration_ms: 19.55024
      ...
    # Subtest: keeps sensitive routes network-only and revisions caches by build id
    ok 3 - keeps sensitive routes network-only and revisions caches by build id
      ---
      duration_ms: 1.413489
      ...
    # Subtest: contains no React inline style props or direct style mutations
    ok 4 - contains no React inline style props or direct style mutations
      ---
      duration_ms: 5.406109
      ...
    1..4
ok 12 - CSP and PWA hardening
  ---
  duration_ms: 27.783859
  type: 'suite'
  ...
# (node:225537) ExperimentalWarning: Type Stripping is an experimental feature and might change at any time
# (Use `node --trace-warnings ...` to show where the warning was created)
# Subtest: custom manufacturing studio
    # Subtest: enforces product-specific minimums
    ok 1 - enforces product-specific minimums
      ---
      duration_ms: 0.490058
      ...
    # Subtest: supports a purpose-built preview for every custom product
    ok 2 - supports a purpose-built preview for every custom product
      ---
      duration_ms: 0.168198
      ...
    # Subtest: detects duplicate numbers and missing fields
    ok 3 - detects duplicate numbers and missing fields
      ---
      duration_ms: 0.65918
      ...
    # Subtest: round-trips a roster through CSV without losing essential fields
    ok 4 - round-trips a roster through CSV without losing essential fields
      ---
      duration_ms: 0.592756
      ...
    1..4
ok 13 - custom manufacturing studio
  ---
  duration_ms: 2.546499
  type: 'suite'
  ...
# (node:225544) ExperimentalWarning: Type Stripping is an experimental feature and might change at any time
# (Use `node --trace-warnings ...` to show where the warning was created)
# Subtest: taxonomy and geography exhaustive
    # Subtest: finds every category and handles missing taxonomy safely
    ok 1 - finds every category and handles missing taxonomy safely
      ---
      duration_ms: 0.651625
      ...
    # Subtest: normalizes, localizes and searches every country branch
    ok 2 - normalizes, localizes and searches every country branch
      ---
      duration_ms: 16.037678
      ...
    1..2
ok 14 - taxonomy and geography exhaustive
  ---
  duration_ms: 17.325364
  type: 'suite'
  ...
# Subtest: customization data exhaustive
    # Subtest: uses known types and safe fallback
    ok 1 - uses known types and safe fallback
      ---
      duration_ms: 0.260961
      ...
    # Subtest: normalizes roster fields, errors, duplicate numbers and filters empty rows
    ok 2 - normalizes roster fields, errors, duplicate numbers and filters empty rows
      ---
      duration_ms: 0.516689
      ...
    # Subtest: parses header/no-header, comma/semicolon, BOM, Arabic and empty CSVs
    ok 3 - parses header/no-header, comma/semicolon, BOM, Arabic and empty CSVs
      ---
      duration_ms: 1.083583
      ...
    # Subtest: serializes a stable escaped roster CSV
    ok 4 - serializes a stable escaped roster CSV
      ---
      duration_ms: 0.238093
      ...
    1..4
ok 15 - customization data exhaustive
  ---
  duration_ms: 2.317327
  type: 'suite'
  ...
# Subtest: LHA catalog normalizer and selectors exhaustive
    # Subtest: normalizes missing/default and verified inventory variants
    ok 1 - normalizes missing/default and verified inventory variants
      ---
      duration_ms: 0.306391
      ...
    # Subtest: covers archived, coming soon, digital and sold-out states and metadata overrides
    ok 2 - covers archived, coming soon, digital and sold-out states and metadata overrides
      ---
      duration_ms: 0.354463
      ...
    # Subtest: executes all raw LHA selectors and stock checks
    ok 3 - executes all raw LHA selectors and stock checks
      ---
      duration_ms: 0.375688
      ...
    1..3
ok 16 - LHA catalog normalizer and selectors exhaustive
  ---
  duration_ms: 1.781812
  type: 'suite'
  ...
# Subtest: global catalog normalizer and selectors exhaustive
    # Subtest: covers every trusted-stock source and unverified inventory behavior
    ok 1 - covers every trusted-stock source and unverified inventory behavior
      ---
      duration_ms: 0.225787
      ...
    # Subtest: normalizes default, active, draft, coming, sold, ready and verified claims
    ok 2 - normalizes default, active, draft, coming, sold, ready and verified claims
      ---
      duration_ms: 2.044908
      ...
    # Subtest: executes all global catalog selectors and ordering
    ok 3 - executes all global catalog selectors and ordering
      ---
      duration_ms: 0.857667
      ...
    1..3
ok 17 - global catalog normalizer and selectors exhaustive
  ---
  duration_ms: 3.225176
  type: 'suite'
  ...
# (node:225559) ExperimentalWarning: Type Stripping is an experimental feature and might change at any time
# (Use `node --trace-warnings ...` to show where the warning was created)
# Subtest: production artwork exports
    # Subtest: creates dedicated vector artwork for every custom product and view
    ok 1 - creates dedicated vector artwork for every custom product and view
      ---
      duration_ms: 2.971918
      ...
    # Subtest: uses a safe jersey fallback for an unknown production preview
    ok 2 - uses a safe jersey fallback for an unknown production preview
      ---
      duration_ms: 0.10312
      ...
    # Subtest: packages SVG views, manifest and roster into a valid ZIP
    ok 3 - packages SVG views, manifest and roster into a valid ZIP
      ---
      duration_ms: 3.529793
      ...
    # Subtest: creates multi-page proof and tech-pack PDFs
    ok 4 - creates multi-page proof and tech-pack PDFs
      ---
      duration_ms: 7.031743
      ...
    1..4
ok 18 - production artwork exports
  ---
  duration_ms: 14.297214
  type: 'suite'
  ...
# (node:225570) ExperimentalWarning: Type Stripping is an experimental feature and might change at any time
# (Use `node --trace-warnings ...` to show where the warning was created)
# Subtest: secure design share API
    # Subtest: loads a sanitized shared design through the server boundary
    ok 1 - loads a sanitized shared design through the server boundary
      ---
      duration_ms: 3.812673
      ...
    # Subtest: adds a pinned comment with Turnstile and rate limiting
    ok 2 - adds a pinned comment with Turnstile and rate limiting
      ---
      duration_ms: 0.551481
      ...
    # Subtest: approves a proof and requires a note for change requests
    ok 3 - approves a proof and requires a note for change requests
      ---
      duration_ms: 0.373904
      ...
    # Subtest: rejects invalid tokens, methods, comments and missing captcha
    ok 4 - rejects invalid tokens, methods, comments and missing captcha
      ---
      duration_ms: 0.433103
      ...
    1..4
ok 19 - secure design share API
  ---
  duration_ms: 5.872468
  type: 'suite'
  ...
# Subtest: secure design sharing
    # Subtest: exposes a real expiring share route and page
    ok 1 - exposes a real expiring share route and page
      ---
      duration_ms: 4.920369
      ...
    # Subtest: hashes tokens and gives anon only guarded RPC access
    ok 2 - hashes tokens and gives anon only guarded RPC access
      ---
      duration_ms: 0.921831
      ...
    1..2
ok 20 - secure design sharing
  ---
  duration_ms: 6.480632
  type: 'suite'
  ...
# (node:225587) ExperimentalWarning: Type Stripping is an experimental feature and might change at any time
# (Use `node --trace-warnings ...` to show where the warning was created)
# Subtest: production design studio state
    # Subtest: creates editable front and back production layers
    ok 1 - creates editable front and back production layers
      ---
      duration_ms: 1.988375
      ...
    # Subtest: clamps unsafe layer coordinates and supports layer operations
    ok 2 - clamps unsafe layer coordinates and supports layer operations
      ---
      duration_ms: 0.99721
      ...
    # Subtest: maintains bounded undo and redo history
    ok 3 - maintains bounded undo and redo history
      ---
      duration_ms: 0.293547
      ...
    # Subtest: pins review comments to a named view
    ok 4 - pins review comments to a named view
      ---
      duration_ms: 4.8954
      ...
    1..4
ok 21 - production design studio state
  ---
  duration_ms: 8.879819
  type: 'suite'
  ...
# (node:225599) ExperimentalWarning: Type Stripping is an experimental feature and might change at any time
# (Use `node --trace-warnings ...` to show where the warning was created)
# Subtest: design studio pure runtime exhaustive
    # Subtest: creates all default layers and normalizes hostile values
    ok 1 - creates all default layers and normalizes hostile values
      ---
      duration_ms: 5.449492
      ...
    # Subtest: adds, edits, duplicates, moves and removes every layer type
    ok 2 - adds, edits, duplicates, moves and removes every layer type
      ---
      duration_ms: 1.412841
      ...
    # Subtest: manages comments, history limits and production metadata
    ok 3 - manages comments, history limits and production metadata
      ---
      duration_ms: 0.569274
      ...
    1..3
ok 22 - design studio pure runtime exhaustive
  ---
  duration_ms: 8.088398
  type: 'suite'
  ...
# Subtest: Supabase client and auth redirect runtime exhaustive
    # Subtest: reports no config, invalid content and timeout/error sources
    ok 1 - reports no config, invalid content and timeout/error sources
      ---
      duration_ms: 1.000783
      ...
    # Subtest: creates a client directly from build-time aliases without a runtime request
    ok 2 - creates a client directly from build-time aliases without a runtime request
      ---
      duration_ms: 0.420598
      ...
    # Subtest: creates and caches a client from valid runtime aliases
    ok 3 - creates and caches a client from valid runtime aliases
      ---
      duration_ms: 0.406858
      ...
    # Subtest: creates confirm/recovery redirect URLs
    ok 4 - creates confirm/recovery redirect URLs
      ---
      duration_ms: 0.290724
      ...
    # Subtest: handles callback errors, implicit sessions, PKCE codes, OTP and no-op callbacks
    ok 5 - handles callback errors, implicit sessions, PKCE codes, OTP and no-op callbacks
      ---
      duration_ms: 0.902519
      ...
    1..5
ok 23 - Supabase client and auth redirect runtime exhaustive
  ---
  duration_ms: 3.349826
  type: 'suite'
  ...
# Subtest: design studio cloud/share operations exhaustive
    # Subtest: autosaves only trusted cloud designs and maps database errors
    ok 1 - autosaves only trusted cloud designs and maps database errors
      ---
      duration_ms: 1.560205
      ...
    # Subtest: creates secure shares with clamped expiry and validates tokens
    ok 2 - creates secure shares with clamped expiry and validates tokens
      ---
      duration_ms: 0.585274
      ...
    # Subtest: loads, comments and approves shared designs through the protected API
    ok 3 - loads, comments and approves shared designs through the protected API
      ---
      duration_ms: 0.682193
      ...
    1..3
ok 24 - design studio cloud/share operations exhaustive
  ---
  duration_ms: 2.951409
  type: 'suite'
  ...
# (node:225609) ExperimentalWarning: Type Stripping is an experimental feature and might change at any time
# (Use `node --trace-warnings ...` to show where the warning was created)
# Subtest: XLSX parser internals exhaustive
    # Subtest: decodes XML entities, columns, rows and CSV escaping
    ok 1 - decodes XML entities, columns, rows and CSV escaping
      ---
      duration_ms: 2.694588
      ...
    # Subtest: inflates deflate streams and fails when the runtime does not support them
    ok 2 - inflates deflate streams and fails when the runtime does not support them
      ---
      duration_ms: 19.52584
      ...
    # Subtest: reads stored and deflated ZIP entries and rejects every corrupt structure
    ok 3 - reads stored and deflated ZIP entries and rejects every corrupt structure
      ---
      duration_ms: 3.797851
      ...
    # Subtest: resolves workbook relationships and worksheet fallback paths
    ok 4 - resolves workbook relationships and worksheet fallback paths
      ---
      duration_ms: 1.415406
      ...
    # Subtest: parses shared-string and inline XLSX files and rejects invalid workbooks
    ok 5 - parses shared-string and inline XLSX files and rejects invalid workbooks
      ---
      duration_ms: 1.693485
      ...
    # Subtest: routes CSV/XLSX file types and applies size/type protection
    ok 6 - routes CSV/XLSX file types and applies size/type protection
      ---
      duration_ms: 0.856358
      ...
    1..6
ok 25 - XLSX parser internals exhaustive
  ---
  duration_ms: 30.744521
  type: 'suite'
  ...
# Subtest: PDF/document generation exhaustive
    # Subtest: creates multi-page text PDFs with escaped metadata, strings and table rows
    ok 1 - creates multi-page text PDFs with escaped metadata, strings and table rows
      ---
      duration_ms: 1.119309
      ...
    # Subtest: creates complete proof and tech documents for no-roster, artwork and long-roster cases
    ok 2 - creates complete proof and tech documents for no-roster, artwork and long-roster cases
      ---
      duration_ms: 13.532509
      ...
    # Subtest: downloads blobs through a temporary safe anchor
    ok 3 - downloads blobs through a temporary safe anchor
      ---
      duration_ms: 0.371872
      ...
    1..3
ok 26 - PDF/document generation exhaustive
  ---
  duration_ms: 15.279105
  type: 'suite'
  ...
# Subtest: navigation/search edge coverage
    # Subtest: accepts every allowed prefix shape and rejects every unsafe path class
    ok 1 - accepts every allowed prefix shape and rejects every unsafe path class
      ---
      duration_ms: 0.440607
      ...
    # Subtest: scores exact, full-prefix, word-prefix and substring candidates and reuses cached candidates
    ok 2 - scores exact, full-prefix, word-prefix and substring candidates and reuses cached candidates
      ---
      duration_ms: 7.093343
      ...
    # Subtest: supports every type/color/brand filter branch and limits pages/products independently
    ok 3 - supports every type/color/brand filter branch and limits pages/products independently
      ---
      duration_ms: 0.671789
      ...
    1..3
ok 27 - navigation/search edge coverage
  ---
  duration_ms: 8.371127
  type: 'suite'
  ...
# Subtest: enterprise production completion
    # Subtest: uses provider adapters for quotes and special requests
    ok 1 - uses provider adapters for quotes and special requests
      ---
      duration_ms: 4.560227
      ...
    # Subtest: enforces quote total as subtotal plus shipping plus tax less discount
    ok 2 - enforces quote total as subtotal plus shipping plus tax less discount
      ---
      duration_ms: 2.19498
      ...
    # Subtest: generates quote and invoice PDFs in the customer workspace
    ok 3 - generates quote and invoice PDFs in the customer workspace
      ---
      duration_ms: 0.978263
      ...
    # Subtest: quarantines staff media and scans it before use
    ok 4 - quarantines staff media and scans it before use
      ---
      duration_ms: 0.928579
      ...
    # Subtest: provides privacy export and retention workers
    ok 5 - provides privacy export and retention workers
      ---
      duration_ms: 1.656906
      ...
    # Subtest: removes all inline stylesheet permissions with CSP-safe UI primitives
    ok 6 - removes all inline stylesheet permissions with CSP-safe UI primitives
      ---
      duration_ms: 5.834148
      ...
    1..6
ok 28 - enterprise production completion
  ---
  duration_ms: 16.9994
  type: 'suite'
  ...
# Subtest: enterprise B2B workflows
    # Subtest: creates contracts, signatures, payment proofs, reorders and team lockers
    ok 1 - creates contracts, signatures, payment proofs, reorders and team lockers
      ---
      duration_ms: 0.686494
      ...
    # Subtest: protects customer enterprise data with membership and owner RLS
    ok 2 - protects customer enterprise data with membership and owner RLS
      ---
      duration_ms: 0.165393
      ...
    # Subtest: uses audited electronic signatures and cumulative payment proof records
    ok 3 - uses audited electronic signatures and cumulative payment proof records
      ---
      duration_ms: 0.103101
      ...
    # Subtest: exposes real customer workspace actions instead of marketing-only cards
    ok 4 - exposes real customer workspace actions instead of marketing-only cards
      ---
      duration_ms: 0.185386
      ...
    # Subtest: provides a guarded team locker route using trusted catalog products
    ok 5 - provides a guarded team locker route using trusted catalog products
      ---
      duration_ms: 0.176104
      ...
    # Subtest: adds staff visibility and actions for enterprise workflow queues
    ok 6 - adds staff visibility and actions for enterprise workflow queues
      ---
      duration_ms: 0.112375
      ...
    # Subtest: uploads private proofs through quarantine APIs and never accepts arbitrary public URLs as proof
    ok 7 - uploads private proofs through quarantine APIs and never accepts arbitrary public URLs as proof
      ---
      duration_ms: 0.125564
      ...
    1..7
ok 29 - enterprise B2B workflows
  ---
  duration_ms: 3.187267
  ...
# (node:225647) ExperimentalWarning: Type Stripping is an experimental feature and might change at any time
# (Use `node --trace-warnings ...` to show where the warning was created)
# Subtest: special-request upload validation
    # Subtest: accepts supported signatures and normalizes names
    ok 1 - accepts supported signatures and normalizes names
      ---
      duration_ms: 1.704884
      ...
    # Subtest: rejects SVG and executable payloads
    ok 2 - rejects SVG and executable payloads
      ---
      duration_ms: 0.317438
      ...
    # Subtest: rejects encoding, extension, signature, declared MIME and role mismatch
    ok 3 - rejects encoding, extension, signature, declared MIME and role mismatch
      ---
      duration_ms: 0.243136
      ...
    # Subtest: enforces individual, count and aggregate limits
    ok 4 - enforces individual, count and aggregate limits
      ---
      duration_ms: 19.562871
      ...
    1..4
ok 30 - special-request upload validation
  ---
  duration_ms: 23.334782
  type: 'suite'
  ...
# Subtest: upload validator edge coverage
    # Subtest: uses safe names and default roles while rejecting extensionless uploads
    ok 1 - uses safe names and default roles while rejecting extensionless uploads
      ---
      duration_ms: 0.325717
      ...
    # Subtest: rejects supported extensions with unknown or corrupt signatures
    ok 2 - rejects supported extensions with unknown or corrupt signatures
      ---
      duration_ms: 0.158819
      ...
    # Subtest: accepts a data URL and sanitizes unsafe names
    ok 3 - accepts a data URL and sanitizes unsafe names
      ---
      duration_ms: 0.203596
      ...
    # Subtest: rejects base64 whose length is not divisible by four
    ok 4 - rejects base64 whose length is not divisible by four
      ---
      duration_ms: 0.186576
      ...
    1..4
ok 31 - upload validator edge coverage
  ---
  duration_ms: 1.090184
  type: 'suite'
  ...
# Subtest: upload validator complete input variants
    # Subtest: handles non-array inputs and empty declared MIME safely
    ok 1 - handles non-array inputs and empty declared MIME safely
      ---
      duration_ms: 0.593661
      ...
    # Subtest: rejects null base64 and mismatched jpg aliases only when invalid
    ok 2 - rejects null base64 and mismatched jpg aliases only when invalid
      ---
      duration_ms: 0.244334
      ...
    1..2
ok 32 - upload validator complete input variants
  ---
  duration_ms: 0.971693
  type: 'suite'
  ...
# (node:225648) ExperimentalWarning: Type Stripping is an experimental feature and might change at any time
# (Use `node --trace-warnings ...` to show where the warning was created)
# Subtest: remaining special-request branches
    # Subtest: covers object inserts, generated idempotency, authenticated user and object file rows
    ok 1 - covers object inserts, generated idempotency, authenticated user and object file rows
      ---
      duration_ms: 2.959707
      ...
    # Subtest: covers scanner failure, duplicate image, captcha and create-row rejection paths
    ok 2 - covers scanner failure, duplicate image, captcha and create-row rejection paths
      ---
      duration_ms: 1.617966
      ...
    1..2
ok 33 - remaining special-request branches
  ---
  duration_ms: 5.199486
  type: 'suite'
  ...
# Subtest: remaining design-studio branches
    # Subtest: covers every fallback and successful/no-op history branch
    ok 1 - covers every fallback and successful/no-op history branch
      ---
      duration_ms: 1.43474
      ...
    # Subtest: covers normalization, mutation and request edge branches exhaustively
    ok 2 - covers normalization, mutation and request edge branches exhaustively
      ---
      duration_ms: 0.945105
      ...
    # Subtest: covers cloud autosave, share and shared-design fallbacks
    ok 3 - covers cloud autosave, share and shared-design fallbacks
      ---
      duration_ms: 1.073858
      ...
    1..3
ok 34 - remaining design-studio branches
  ---
  duration_ms: 3.637938
  type: 'suite'
  ...
# Subtest: remaining production-artwork branches
    # Subtest: renders every shape in front and side orientations plus every layer type
    ok 1 - renders every shape in front and side orientations plus every layer type
      ---
      duration_ms: 0.656
      ...
    1..1
ok 35 - remaining production-artwork branches
  ---
  duration_ms: 0.788018
  type: 'suite'
  ...
# Subtest: remaining spreadsheet branches
    # Subtest: covers holes, missing shared strings, absolute relationships and file defaults
    ok 1 - covers holes, missing shared strings, absolute relationships and file defaults
      ---
      duration_ms: 3.777058
      ...
    1..1
ok 36 - remaining spreadsheet branches
  ---
  duration_ms: 3.861911
  type: 'suite'
  ...
# (node:225654) ExperimentalWarning: Type Stripping is an experimental feature and might change at any time
# (Use `node --trace-warnings ...` to show where the warning was created)
# Subtest: coverage closure for localization and navigation
    # Subtest: covers every order status language and unknown branch
    ok 1 - covers every order status language and unknown branch
      ---
      duration_ms: 1.054778
      ...
    # Subtest: covers country fallbacks, localization failure and mutable map fallback
    ok 2 - covers country fallbacks, localization failure and mutable map fallback
      ---
      duration_ms: 11.52932
      ...
    # Subtest: covers every safe-return path decision
    ok 3 - covers every safe-return path decision
      ---
      duration_ms: 0.452885
      ...
    1..3
ok 37 - coverage closure for localization and navigation
  ---
  duration_ms: 13.714189
  type: 'suite'
  ...
# Subtest: coverage closure for search and production exports
    # Subtest: covers all text scoring, candidate, cache, dedupe, filters and facets branches
    ok 1 - covers all text scoring, candidate, cache, dedupe, filters and facets branches
      ---
      duration_ms: 3.110393
      ...
    # Subtest: covers every product silhouette, XML, zip and manifest branch
    ok 2 - covers every product silhouette, XML, zip and manifest branch
      ---
      duration_ms: 8.366211
      ...
    1..2
ok 38 - coverage closure for search and production exports
  ---
  duration_ms: 11.6572
  type: 'suite'
  ...
# Subtest: coverage closure for signed guest access and payment
    # Subtest: covers CRON fallback, default TTL and every signed payload rejection
    ok 1 - covers CRON fallback, default TTL and every signed payload rejection
      ---
      duration_ms: 1.496199
      ...
    # Subtest: covers trusted checkout idempotency lookup, defaults and provider errors
    ok 2 - covers trusted checkout idempotency lookup, defaults and provider errors
      ---
      duration_ms: 1.871381
      ...
    1..2
ok 39 - coverage closure for signed guest access and payment
  ---
  duration_ms: 3.534967
  type: 'suite'
  ...
# Subtest: coverage closure for design-share API
    # Subtest: covers token arrays, missing designs and all action branches
    ok 1 - covers token arrays, missing designs and all action branches
      ---
      duration_ms: 1.436828
      ...
    # Subtest: maps not-found and generic RPC failures safely
    ok 2 - maps not-found and generic RPC failures safely
      ---
      duration_ms: 0.508879
      ...
    1..2
ok 40 - coverage closure for design-share API
  ---
  duration_ms: 2.040755
  type: 'suite'
  ...
# Subtest: coverage closure for readiness, scanner and notifications
    # Subtest: evaluates every required, optional and feature-readiness state
    ok 1 - evaluates every required, optional and feature-readiness state
      ---
      duration_ms: 1.131051
      ...
    # Subtest: fails file uploads closed in production while allowing URL-only intake
    ok 2 - fails file uploads closed in production while allowing URL-only intake
      ---
      duration_ms: 0.802882
      ...
    # Subtest: builds versioned bilingual notification templates and all fallbacks
    ok 3 - builds versioned bilingual notification templates and all fallbacks
      ---
      duration_ms: 0.261649
      ...
    1..3
ok 41 - coverage closure for readiness, scanner and notifications
  ---
  duration_ms: 2.28852
  type: 'suite'
  ...
# Subtest: coverage closure for Supabase runtime and documents
    # Subtest: covers build config aliases, client caching and every auth redirect branch
    ok 1 - covers build config aliases, client caching and every auth redirect branch
      ---
      duration_ms: 1.114688
      ...
    # Subtest: covers spreadsheet XML, ZIP and file-dispatch fallbacks
    ok 2 - covers spreadsheet XML, ZIP and file-dispatch fallbacks
      ---
      duration_ms: 1.749829
      ...
    # Subtest: covers remaining PDF primitive, pagination and fallback branches
    ok 3 - covers remaining PDF primitive, pagination and fallback branches
      ---
      duration_ms: 1.907108
      ...
    1..3
ok 42 - coverage closure for Supabase runtime and documents
  ---
  duration_ms: 5.256136
  type: 'suite'
  ...
# (node:225680) ExperimentalWarning: Type Stripping is an experimental feature and might change at any time
# (Use `node --trace-warnings ...` to show where the warning was created)
# Subtest: forms and media readiness
    # Subtest: uses the approved Formspree endpoint as the only application fallback
    ok 1 - uses the approved Formspree endpoint as the only application fallback
      ---
      duration_ms: 5.276284
      ...
    # Subtest: has a valid public media file for every product
    ok 2 - has a valid public media file for every product
      ---
      duration_ms: 0.574018
      ...
    # Subtest: ships the approved brand derivatives
    ok 3 - ships the approved brand derivatives
      ---
      duration_ms: 0.16197
      ...
    1..3
ok 43 - forms and media readiness
  ---
  duration_ms: 6.701562
  type: 'suite'
  ...
# (node:225686) ExperimentalWarning: Type Stripping is an experimental feature and might change at any time
# (Use `node --trace-warnings ...` to show where the warning was created)
# Subtest: Formspree server adapter
    # Subtest: normalizes every Formspree endpoint and payload helper branch
    ok 1 - normalizes every Formspree endpoint and payload helper branch
      ---
      duration_ms: 1.359999
      ...
    # Subtest: accepts a provider 200 response
    ok 2 - accepts a provider 200 response
      ---
      duration_ms: 1.796795
      ...
    # Subtest: does not report success when provider returns 400
    ok 3 - does not report success when provider returns 400
      ---
      duration_ms: 0.378332
      ...
    # Subtest: does not report success when provider returns 429
    ok 4 - does not report success when provider returns 429
      ---
      duration_ms: 0.248121
      ...
    # Subtest: does not report success when provider returns 500
    ok 5 - does not report success when provider returns 500
      ---
      duration_ms: 0.34682
      ...
    # Subtest: reports delivery failure on timeout/network rejection
    ok 6 - reports delivery failure on timeout/network rejection
      ---
      duration_ms: 0.344171
      ...
    1..6
ok 44 - Formspree server adapter
  ---
  duration_ms: 5.202723
  type: 'suite'
  ...
# (node:225702) ExperimentalWarning: Type Stripping is an experimental feature and might change at any time
# (Use `node --trace-warnings ...` to show where the warning was created)
# Subtest: Formspree public gateway exhaustive
    # Subtest: enforces method and rejects unsafe configuration
    ok 1 - enforces method and rejects unsafe configuration
      ---
      duration_ms: 1.451105
      ...
    # Subtest: fails captcha before contacting Formspree
    ok 2 - fails captcha before contacting Formspree
      ---
      duration_ms: 1.242968
      ...
    # Subtest: sanitizes keys and scalar/object/null values, removes captcha and caps entries
    ok 3 - sanitizes keys and scalar/object/null values, removes captcha and caps entries
      ---
      duration_ms: 1.551305
      ...
    # Subtest: maps upstream rejections and transport failures without exposing stack traces
    ok 4 - maps upstream rejections and transport failures without exposing stack traces
      ---
      duration_ms: 0.593811
      ...
    1..4
ok 45 - Formspree public gateway exhaustive
  ---
  duration_ms: 5.630201
  type: 'suite'
  ...
# Subtest: fulfillment consistency
    # Subtest: does not turn every customizable retail product into a 30–60 day custom order
    ok 1 - does not turn every customizable retail product into a 30–60 day custom order
      ---
      duration_ms: 13.507299
      ...
    # Subtest: keeps international shipping pending until a staff quote is added
    ok 2 - keeps international shipping pending until a staff quote is added
      ---
      duration_ms: 0.959311
      ...
    # Subtest: requires full electronic payment while preserving staged cash/custom rules
    ok 3 - requires full electronic payment while preserving staged cash/custom rules
      ---
      duration_ms: 0.217745
      ...
    1..3
ok 46 - fulfillment consistency
  ---
  duration_ms: 15.303242
  type: 'suite'
  ...
# (node:225724) ExperimentalWarning: Type Stripping is an experimental feature and might change at any time
# (Use `node --trace-warnings ...` to show where the warning was created)
# Subtest: worldwide geography
    # Subtest: supports Libya and global ISO destinations
    ok 1 - supports Libya and global ISO destinations
      ---
      duration_ms: 0.502139
      ...
    # Subtest: restricts cash to Libya
    ok 2 - restricts cash to Libya
      ---
      duration_ms: 0.103183
      ...
    # Subtest: does not require a postal code in Libya
    ok 3 - does not require a postal code in Libya
      ---
      duration_ms: 0.130804
      ...
    1..3
ok 47 - worldwide geography
  ---
  duration_ms: 1.341827
  type: 'suite'
  ...
# (node:225731) ExperimentalWarning: Type Stripping is an experimental feature and might change at any time
# (Use `node --trace-warnings ...` to show where the warning was created)
# Subtest: business events cover sanitization, hashing, failures and production salt enforcement
ok 48 - business events cover sanitization, hashing, failures and production salt enforcement
  ---
  duration_ms: 13.706442
  ...
# Subtest: malware internals cover download, scanner forms, delete and expiry failure branches
ok 49 - malware internals cover download, scanner forms, delete and expiry failure branches
  ---
  duration_ms: 4.60671
  ...
# Subtest: worker handlers cover retry exhaustion, null rows and top-level failures
ok 50 - worker handlers cover retry exhaustion, null rows and top-level failures
  ---
  duration_ms: 4.742328
  ...
# Subtest: media internals cover object defaults, storage errors, timeout and provider response aliases
ok 51 - media internals cover object defaults, storage errors, timeout and provider response aliases
  ---
  duration_ms: 5.97784
  ...
# Subtest: signature adapter covers aliases, malformed JSON, missing fields, statuses and fallback header
ok 52 - signature adapter covers aliases, malformed JSON, missing fields, statuses and fallback header
  ---
  duration_ms: 1.802811
  ...
# Subtest: production preflight parses JPEG/WebP and rejects every incomplete factory/vector evidence branch
ok 53 - production preflight parses JPEG/WebP and rejects every incomplete factory/vector evidence branch
  ---
  duration_ms: 2.375915
  ...
# Subtest: closes remaining business, readiness, provider and small utility branches
ok 54 - closes remaining business, readiness, provider and small utility branches
  ---
  duration_ms: 4.11409
  ...
# Subtest: closes all malware worker defensive branches without publishing unsafe files
ok 55 - closes all malware worker defensive branches without publishing unsafe files
  ---
  duration_ms: 5.518677
  ...
# Subtest: closes all media worker defensive branches and method guards
ok 56 - closes all media worker defensive branches and method guards
  ---
  duration_ms: 2.647045
  ...
# Subtest: closes production preflight raster/vector and factory evidence branches
ok 57 - closes production preflight raster/vector and factory evidence branches
  ---
  duration_ms: 0.952432
  ...
# Subtest: closes final design-share, worker and preflight branch aliases
ok 58 - closes final design-share, worker and preflight branch aliases
  ---
  duration_ms: 9.00546
  ...
# (node:225737) ExperimentalWarning: Type Stripping is an experimental feature and might change at any time
# (Use `node --trace-warnings ...` to show where the warning was created)
# Subtest: malware worker deletes infected files, expires stale quarantine and keeps clean files
ok 59 - malware worker deletes infected files, expires stale quarantine and keeps clean files
  ---
  duration_ms: 16.919877
  ...
# Subtest: malware worker fails closed on scanner timeout and records a bounded retry
ok 60 - malware worker fails closed on scanner timeout and records a bounded retry
  ---
  duration_ms: 6.744728
  ...
# Subtest: malware worker rejects unauthorised and unsupported calls before touching storage
ok 61 - malware worker rejects unauthorised and unsupported calls before touching storage
  ---
  duration_ms: 0.246053
  ...
# Subtest: media worker deletes infected objects and records scanner evidence
ok 62 - media worker deletes infected objects and records scanner evidence
  ---
  duration_ms: 1.261589
  ...
# Subtest: media worker records provider errors and expiry deletion failures without publishing files
ok 63 - media worker records provider errors and expiry deletion failures without publishing files
  ---
  duration_ms: 1.827139
  ...
# (node:225757) ExperimentalWarning: Type Stripping is an experimental feature and might change at any time
# (Use `node --trace-warnings ...` to show where the warning was created)
# Subtest: currency conversion
    # Subtest: stores canonical USD and converts using rate 9
    ok 1 - stores canonical USD and converts using rate 9
      ---
      duration_ms: 0.665336
      ...
    # Subtest: rounds displayed LYD prices and handles invalid display values
    ok 2 - rounds displayed LYD prices and handles invalid display values
      ---
      duration_ms: 9.655394
      ...
    # Subtest: uses integer minor units for arithmetic, sums and percentages
    ok 3 - uses integer minor units for arithmetic, sums and percentages
      ---
      duration_ms: 0.258416
      ...
    # Subtest: rejects invalid amounts, quantities, rates and currencies
    ok 4 - rejects invalid amounts, quantities, rates and currencies
      ---
      duration_ms: 0.292329
      ...
    # Subtest: builds accessible labels in both languages and currencies
    ok 5 - builds accessible labels in both languages and currencies
      ---
      duration_ms: 0.343418
      ...
    1..5
ok 64 - currency conversion
  ---
  duration_ms: 11.906271
  type: 'suite'
  ...
# Subtest: money edge coverage
    # Subtest: supports zero, negative arithmetic and exact language fallbacks
    ok 1 - supports zero, negative arithmetic and exact language fallbacks
      ---
      duration_ms: 0.24688
      ...
    # Subtest: rejects unsupported target currencies before conversion
    ok 2 - rejects unsupported target currencies before conversion
      ---
      duration_ms: 4.083133
      ...
    1..2
ok 65 - money edge coverage
  ---
  duration_ms: 4.571049
  type: 'suite'
  ...
# Subtest: money Arabic LYD rendering
    # Subtest: renders the Arabic dinar label
    ok 1 - renders the Arabic dinar label
      ---
      duration_ms: 0.264341
      ...
    1..1
ok 66 - money Arabic LYD rendering
  ---
  duration_ms: 0.366325
  type: 'suite'
  ...
# (node:225768) ExperimentalWarning: Type Stripping is an experimental feature and might change at any time
# (Use `node --trace-warnings ...` to show where the warning was created)
# Subtest: brand and navigation
    # Subtest: uses the approved brand identity and contact data
    ok 1 - uses the approved brand identity and contact data
      ---
      duration_ms: 0.467708
      ...
    # Subtest: keeps the requested minimal main navigation
    ok 2 - keeps the requested minimal main navigation
      ---
      duration_ms: 0.452233
      ...
    # Subtest: supports both personal and team/business registration paths
    ok 3 - supports both personal and team/business registration paths
      ---
      duration_ms: 0.604049
      ...
    1..3
ok 67 - brand and navigation
  ---
  duration_ms: 2.160149
  type: 'suite'
  ...
# Subtest: operations control center
    # Subtest: provides audited notification retry and security resolution
    ok 1 - provides audited notification retry and security resolution
      ---
      duration_ms: 4.841603
      ...
    # Subtest: blocks public media until a clean malware verdict
    ok 2 - blocks public media until a clean malware verdict
      ---
      duration_ms: 1.033807
      ...
    # Subtest: enforces a shipment state machine and queues customer notifications
    ok 3 - enforces a shipment state machine and queues customer notifications
      ---
      duration_ms: 1.381507
      ...
    # Subtest: adds collections, coupons, taxes, billing and fulfillment operations UI
    ok 4 - adds collections, coupons, taxes, billing and fulfillment operations UI
      ---
      duration_ms: 1.78403
      ...
    # Subtest: creates only safe draft products and audited draft variants
    ok 5 - creates only safe draft products and audited draft variants
      ---
      duration_ms: 1.646424
      ...
    # Subtest: supports atomic inventory CSV preview, apply and rollback
    ok 6 - supports atomic inventory CSV preview, apply and rollback
      ---
      duration_ms: 0.966369
      ...
    1..6
ok 68 - operations control center
  ---
  duration_ms: 12.601598
  type: 'suite'
  ...
# Subtest: payment adapters
    # Subtest: verifies hex and base64 HMAC safely
    ok 1 - verifies hex and base64 HMAC safely
      ---
      duration_ms: 1.256902
      ...
    # Subtest: normalizes payment and refund events in minor and major units
    ok 2 - normalizes payment and refund events in minor and major units
      ---
      duration_ms: 0.517933
      ...
    # Subtest: reports capabilities and creates a hosted session
    ok 3 - reports capabilities and creates a hosted session
      ---
      duration_ms: 1.156973
      ...
    # Subtest: retrieves a payment and creates a refund
    ok 4 - retrieves a payment and creates a refund
      ---
      duration_ms: 1.554834
      ...
    # Subtest: verifies provider-specific webhooks and maps errors
    ok 5 - verifies provider-specific webhooks and maps errors
      ---
      duration_ms: 0.529608
      ...
    # Subtest: rejects missing configuration, invalid redirects, provider errors and invalid refunds
    ok 6 - rejects missing configuration, invalid redirects, provider errors and invalid refunds
      ---
      duration_ms: 0.485381
      ...
    1..6
ok 69 - payment adapters
  ---
  duration_ms: 6.442066
  type: 'suite'
  ...
# Subtest: payment adapter edge coverage
    # Subtest: normalizes provider payload aliases and explicit minor amounts
    ok 1 - normalizes provider payload aliases and explicit minor amounts
      ---
      duration_ms: 0.214753
      ...
    # Subtest: reports partial capabilities and supports signature header fallbacks
    ok 2 - reports partial capabilities and supports signature header fallbacks
      ---
      duration_ms: 0.278446
      ...
    # Subtest: maps empty, malformed, client and server provider responses
    ok 3 - maps empty, malformed, client and server provider responses
      ---
      duration_ms: 0.596537
      ...
    # Subtest: requires HTTPS endpoints and provider secrets independently
    ok 4 - requires HTTPS endpoints and provider secrets independently
      ---
      duration_ms: 0.244065
      ...
    # Subtest: supports major-unit normalization, URL template encoding and response fallbacks
    ok 5 - supports major-unit normalization, URL template encoding and response fallbacks
      ---
      duration_ms: 0.403738
      ...
    # Subtest: validates every refund input and maps default errors
    ok 6 - validates every refund input and maps default errors
      ---
      duration_ms: 0.249789
      ...
    1..6
ok 70 - payment adapter edge coverage
  ---
  duration_ms: 2.198352
  type: 'suite'
  ...
# Subtest: payment adapter complete branches
    # Subtest: uses configured provider fallback names and alternate response fields
    ok 1 - uses configured provider fallback names and alternate response fields
      ---
      duration_ms: 0.333757
      ...
    # Subtest: captures text-read failures, provider error aliases and fetch failures
    ok 2 - captures text-read failures, provider error aliases and fetch failures
      ---
      duration_ms: 0.313409
      ...
    # Subtest: executes real abort timeout and custom timeout configuration
    ok 3 - executes real abort timeout and custom timeout configuration
      ---
      duration_ms: 8.042157
      ...
    # Subtest: covers missing metadata, transaction and currency fallbacks
    ok 4 - covers missing metadata, transaction and currency fallbacks
      ---
      duration_ms: 0.185604
      ...
    1..4
ok 71 - payment adapter complete branches
  ---
  duration_ms: 8.986916
  type: 'suite'
  ...
# Subtest: payment adapter final branch matrix
    # Subtest: covers empty payload and all refund amount aliases
    ok 1 - covers empty payload and all refund amount aliases
      ---
      duration_ms: 0.323137
      ...
    # Subtest: rejects missing secrets after valid retrieve and refund endpoint checks
    ok 2 - rejects missing secrets after valid retrieve and refund endpoint checks
      ---
      duration_ms: 0.160617
      ...
    # Subtest: uses configured retrieve and refund timeouts
    ok 3 - uses configured retrieve and refund timeouts
      ---
      duration_ms: 0.254054
      ...
    1..3
ok 72 - payment adapter final branch matrix
  ---
  duration_ms: 0.811006
  type: 'suite'
  ...
# Subtest: performance architecture
    # Subtest: uses responsive preloaded hero posters and defers video
    ok 1 - uses responsive preloaded hero posters and defers video
      ---
      duration_ms: 0.754809
      ...
    # Subtest: keeps critical hero posters tiny
    ok 2 - keeps critical hero posters tiny
      ---
      duration_ms: 0.968187
      ...
    # Subtest: enforces repeated-run median Lighthouse score and metric gates
    ok 3 - enforces repeated-run median Lighthouse score and metric gates
      ---
      duration_ms: 0.236328
      ...
    1..3
ok 73 - performance architecture
  ---
  duration_ms: 2.616175
  type: 'suite'
  ...
# (node:225808) ExperimentalWarning: Type Stripping is an experimental feature and might change at any time
# (Use `node --trace-warnings ...` to show where the warning was created)
# Subtest: product publishing eligibility
    # Subtest: validates real media, price and SKU
    ok 1 - validates real media, price and SKU
      ---
      duration_ms: 0.831009
      ...
    # Subtest: allows clearly labelled placeholder media but blocks unverified inventory
    ok 2 - allows clearly labelled placeholder media but blocks unverified inventory
      ---
      duration_ms: 0.30557
      ...
    # Subtest: supports active and safe coming-soon visibility
    ok 3 - supports active and safe coming-soon visibility
      ---
      duration_ms: 0.169955
      ...
    # Subtest: requires a purchasable variant
    ok 4 - requires a purchasable variant
      ---
      duration_ms: 0.213577
      ...
    # Subtest: requires verified Libya inventory for Ready to Ship
    ok 5 - requires verified Libya inventory for Ready to Ship
      ---
      duration_ms: 0.168431
      ...
    # Subtest: reports every publishing issue including unverified claims
    ok 6 - reports every publishing issue including unverified claims
      ---
      duration_ms: 6.822702
      ...
    1..6
ok 74 - product publishing eligibility
  ---
  duration_ms: 9.251697
  type: 'suite'
  ...
# Subtest: product eligibility edge coverage
    # Subtest: rejects missing products, unavailable variants and every unsafe inventory source
    ok 1 - rejects missing products, unavailable variants and every unsafe inventory source
      ---
      duration_ms: 0.191208
      ...
    # Subtest: handles coming soon media and status issue combinations exactly
    ok 2 - handles coming soon media and status issue combinations exactly
      ---
      duration_ms: 0.263751
      ...
    # Subtest: supports product-level stock only when variants are absent
    ok 3 - supports product-level stock only when variants are absent
      ---
      duration_ms: 0.160916
      ...
    1..3
ok 75 - product eligibility edge coverage
  ---
  duration_ms: 0.880084
  type: 'suite'
  ...
# Subtest: product eligibility complete branches
    # Subtest: computes safe purchase limits for tracked and supplier-order variants
    ok 1 - computes safe purchase limits for tracked and supplier-order variants
      ---
      duration_ms: 0.136245
      ...
    # Subtest: handles empty media status, non-string SKU and untracked availability
    ok 2 - handles empty media status, non-string SKU and untracked availability
      ---
      duration_ms: 0.067862
      ...
    # Subtest: handles null location and variant arrays with mixed stock
    ok 3 - handles null location and variant arrays with mixed stock
      ---
      duration_ms: 0.06542
      ...
    1..3
ok 76 - product eligibility complete branches
  ---
  duration_ms: 0.335172
  type: 'suite'
  ...
# Subtest: product inventory source fallback
    # Subtest: allows an empty non-blocked source when all other publishing requirements pass
    ok 1 - allows an empty non-blocked source when all other publishing requirements pass
      ---
      duration_ms: 0.050792
      ...
    1..1
ok 77 - product inventory source fallback
  ---
  duration_ms: 0.082983
  type: 'suite'
  ...
# Subtest: product eligibility final branch closure
    # Subtest: covers placeholder fallback media and each publish rejection independently
    ok 1 - covers placeholder fallback media and each publish rejection independently
      ---
      duration_ms: 0.075344
      ...
    # Subtest: covers inactive variants and ready-to-ship short circuits
    ok 2 - covers inactive variants and ready-to-ship short circuits
      ---
      duration_ms: 0.077342
      ...
    1..2
ok 78 - product eligibility final branch closure
  ---
  duration_ms: 0.231143
  type: 'suite'
  ...
# Subtest: production completion safeguards
    # Subtest: enforces strict TypeScript on migrated modules
    ok 1 - enforces strict TypeScript on migrated modules
      ---
      duration_ms: 4.177953
      ...
    # Subtest: keeps final payment outstanding until verified
    ok 2 - keeps final payment outstanding until verified
      ---
      duration_ms: 1.727115
      ...
    # Subtest: prevents cumulative duplicate returns
    ok 3 - prevents cumulative duplicate returns
      ---
      duration_ms: 0.912332
      ...
    # Subtest: requires AAL2 for trusted staff operations
    ok 4 - requires AAL2 for trusted staff operations
      ---
      duration_ms: 0.866682
      ...
    # Subtest: provides real retrieve/refund adapter paths instead of 501 placeholders
    ok 5 - provides real retrieve/refund adapter paths instead of 501 placeholders
      ---
      duration_ms: 5.762469
      ...
    # Subtest: protects public forms with Turnstile and file scanning architecture
    ok 6 - protects public forms with Turnstile and file scanning architecture
      ---
      duration_ms: 2.101752
      ...
    1..6
ok 79 - production completion safeguards
  ---
  duration_ms: 16.443782
  type: 'suite'
  ...
# (node:225829) ExperimentalWarning: Type Stripping is an experimental feature and might change at any time
# (Use `node --trace-warnings ...` to show where the warning was created)
# Subtest: production preflight and manufacturing specifications
    # Subtest: provides a complete immutable generic template for every custom product
    ok 1 - provides a complete immutable generic template for every custom product
      ---
      duration_ms: 0.509658
      ...
    # Subtest: converts validated print colors to RGB, CMYK and CSV without inventing a spot color
    ok 2 - converts validated print colors to RGB, CMYK and CSV without inventing a spot color
      ---
      duration_ms: 5.409319
      ...
    # Subtest: passes quote preflight while requiring real factory proof before manufacturing
    ok 3 - passes quote preflight while requiring real factory proof before manufacturing
      ---
      duration_ms: 3.35193
      ...
    # Subtest: blocks invalid quantity, colors, artwork, roster and empty text layers
    ok 4 - blocks invalid quantity, colors, artwork, roster and empty text layers
      ---
      duration_ms: 1.295013
      ...
    # Subtest: flags unsafe placement and raster assets with measurable print requirements
    ok 5 - flags unsafe placement and raster assets with measurable print requirements
      ---
      duration_ms: 0.499291
      ...
    # Subtest: handles accessory products without applying roster blockers and uses defaults safely
    ok 6 - handles accessory products without applying roster blockers and uses defaults safely
      ---
      duration_ms: 0.307788
      ...
    1..6
ok 80 - production preflight and manufacturing specifications
  ---
  duration_ms: 12.088153
  type: 'suite'
  ...
# (node:225830) ExperimentalWarning: Type Stripping is an experimental feature and might change at any time
# (Use `node --trace-warnings ...` to show where the warning was created)
# Subtest: guest order token cryptography
    # Subtest: normalizes identifiers and creates a bounded authenticated token
    ok 1 - normalizes identifiers and creates a bounded authenticated token
      ---
      duration_ms: 1.941502
      ...
    # Subtest: rejects invalid configuration, identities, signatures, payloads, expiry and mismatches
    ok 2 - rejects invalid configuration, identities, signatures, payloads, expiry and mismatches
      ---
      duration_ms: 0.708612
      ...
    1..2
ok 81 - guest order token cryptography
  ---
  duration_ms: 3.329033
  type: 'suite'
  ...
# Subtest: public quote intake API
    # Subtest: rejects methods, captcha and every validation class
    ok 1 - rejects methods, captcha and every validation class
      ---
      duration_ms: 2.587542
      ...
    # Subtest: returns a duplicate without inserting and creates a normalized guest quote otherwise
    ok 2 - returns a duplicate without inserting and creates a normalized guest quote otherwise
      ---
      duration_ms: 1.586704
      ...
    # Subtest: verifies authenticated organization membership and fails closed on insert errors
    ok 3 - verifies authenticated organization membership and fails closed on insert errors
      ---
      duration_ms: 1.099853
      ...
    1..3
ok 82 - public quote intake API
  ---
  duration_ms: 5.508251
  type: 'suite'
  ...
# Subtest: guest order access and payment recovery APIs
    # Subtest: returns privacy-preserving empty results and grants token access after captcha/email match
    ok 1 - returns privacy-preserving empty results and grants token access after captcha/email match
      ---
      duration_ms: 2.220268
      ...
    # Subtest: fails captcha and trusted storage safely
    ok 2 - fails captcha and trusted storage safely
      ---
      duration_ms: 0.47629
      ...
    # Subtest: authorizes account and guest payment retries and enforces every payable rule
    ok 3 - authorizes account and guest payment retries and enforces every payable rule
      ---
      duration_ms: 2.806593
      ...
    1..3
ok 83 - guest order access and payment recovery APIs
  ---
  duration_ms: 5.678705
  type: 'suite'
  ...
# (node:225856) ExperimentalWarning: Type Stripping is an experimental feature and might change at any time
# (Use `node --trace-warnings ...` to show where the warning was created)
# Subtest: production readiness endpoint
    # Subtest: fails closed without required production services and never exposes secret values
    ok 1 - fails closed without required production services and never exposes secret values
      ---
      duration_ms: 6.927301
      ...
    # Subtest: reports ready only when every required environment contract is satisfied
    ok 2 - reports ready only when every required environment contract is satisfied
      ---
      duration_ms: 0.870036
      ...
    # Subtest: reports optional capabilities without making them production blockers
    ok 3 - reports optional capabilities without making them production blockers
      ---
      duration_ms: 0.368333
      ...
    # Subtest: supports HEAD health checks and rejects unsupported methods
    ok 4 - supports HEAD health checks and rejects unsupported methods
      ---
      duration_ms: 0.383165
      ...
    # Subtest: verifies live Supabase and form connectivity and fails safely
    ok 5 - verifies live Supabase and form connectivity and fails safely
      ---
      duration_ms: 1.701702
      ...
    # Subtest: covers disabled connectivity and every environment fallback
    ok 6 - covers disabled connectivity and every environment fallback
      ---
      duration_ms: 0.501142
      ...
    1..6
ok 84 - production readiness endpoint
  ---
  duration_ms: 11.438761
  type: 'suite'
  ...
# Subtest: release infrastructure hardening
    # Subtest: enforces real 100 percent runtime coverage for lines, branches and functions
    ok 1 - enforces real 100 percent runtime coverage for lines, branches and functions
      ---
      duration_ms: 1.175961
      ...
    # Subtest: uses Supabase CLI setup and executable pgTAP database assertions in CI
    ok 2 - uses Supabase CLI setup and executable pgTAP database assertions in CI
      ---
      duration_ms: 1.323898
      ...
    # Subtest: ships generic factory specifications and fail-closed production preflight artifacts
    ok 3 - ships generic factory specifications and fail-closed production preflight artifacts
      ---
      duration_ms: 0.479161
      ...
    1..3
ok 85 - release infrastructure hardening
  ---
  duration_ms: 3.750231
  type: 'suite'
  ...
# Subtest: executable RLS role matrix
    # Subtest: tests two unrelated customers and organization membership against real rows
    ok 1 - tests two unrelated customers and organization membership against real rows
      ---
      duration_ms: 0.479554
      ...
    # Subtest: tests anonymous, AAL1, AAL2 and service-role boundaries
    ok 2 - tests anonymous, AAL1, AAL2 and service-role boundaries
      ---
      duration_ms: 0.140265
      ...
    1..2
ok 86 - executable RLS role matrix
  ---
  duration_ms: 1.180086
  type: 'suite'
  ...
# (node:225889) ExperimentalWarning: Type Stripping is an experimental feature and might change at any time
# (Use `node --trace-warnings ...` to show where the warning was created)
# Subtest: roster spreadsheet import
    # Subtest: imports XLSX rows without a third-party spreadsheet runtime
    ok 1 - imports XLSX rows without a third-party spreadsheet runtime
      ---
      duration_ms: 3.091728
      ...
    # Subtest: imports CSV and rejects unsupported files
    ok 2 - imports CSV and rejects unsupported files
      ---
      duration_ms: 0.546534
      ...
    1..2
ok 87 - roster spreadsheet import
  ---
  duration_ms: 4.257234
  type: 'suite'
  ...
# Subtest: trusted checkout architecture
    # Subtest: saves the trusted order before creating a hosted payment session
    ok 1 - saves the trusted order before creating a hosted payment session
      ---
      duration_ms: 1.490619
      ...
    # Subtest: reloads the trusted Supabase order on the server
    ok 2 - reloads the trusted Supabase order on the server
      ---
      duration_ms: 5.887378
      ...
    # Subtest: enforces shipping, wholesale and staged payment in SQL
    ok 3 - enforces shipping, wholesale and staged payment in SQL
      ---
      duration_ms: 0.212984
      ...
    1..3
ok 88 - trusted checkout architecture
  ---
  duration_ms: 8.344494
  type: 'suite'
  ...
# (node:225901) ExperimentalWarning: Type Stripping is an experimental feature and might change at any time
# (Use `node --trace-warnings ...` to show where the warning was created)
# Subtest: request security helpers exhaustive
    # Subtest: sets every API hardening header
    ok 1 - sets every API hardening header
      ---
      duration_ms: 0.787174
      ...
    # Subtest: rejects bad origins, oversized requests and quietly consumes honeypots
    ok 2 - rejects bad origins, oversized requests and quietly consumes honeypots
      ---
      duration_ms: 0.829716
      ...
    # Subtest: uses durable limits for allow and deny decisions
    ok 3 - uses durable limits for allow and deny decisions
      ---
      duration_ms: 0.512604
      ...
    # Subtest: fails closed in production when durable protection is unavailable
    ok 4 - fails closed in production when durable protection is unavailable
      ---
      duration_ms: 0.324792
      ...
    # Subtest: uses and exhausts the development fallback bucket
    ok 5 - uses and exhausts the development fallback bucket
      ---
      duration_ms: 0.411038
      ...
    # Subtest: compares bearer credentials in constant-time-compatible form
    ok 6 - compares bearer credentials in constant-time-compatible form
      ---
      duration_ms: 0.292637
      ...
    1..6
ok 89 - request security helpers exhaustive
  ---
  duration_ms: 3.842701
  type: 'suite'
  ...
# Subtest: Supabase REST helpers exhaustive
    # Subtest: validates admin configuration
    ok 1 - validates admin configuration
      ---
      duration_ms: 0.680761
      ...
    # Subtest: handles JSON, text, empty, binary and upstream errors for admin requests
    ok 2 - handles JSON, text, empty, binary and upstream errors for admin requests
      ---
      duration_ms: 0.504672
      ...
    # Subtest: resolves valid users and safely handles missing, denied, invalid and failed auth
    ok 3 - resolves valid users and safely handles missing, denied, invalid and failed auth
      ---
      duration_ms: 0.97525
      ...
    # Subtest: performs user-scoped requests with all response forms
    ok 4 - performs user-scoped requests with all response forms
      ---
      duration_ms: 1.28367
      ...
    1..4
ok 90 - Supabase REST helpers exhaustive
  ---
  duration_ms: 3.660701
  type: 'suite'
  ...
# Subtest: Turnstile and payment registry exhaustive
    # Subtest: covers test mode, missing configuration and all remote responses
    ok 1 - covers test mode, missing configuration and all remote responses
      ---
      duration_ms: 0.590053
      ...
    # Subtest: normalizes adapter IDs and reports only configured methods
    ok 2 - normalizes adapter IDs and reports only configured methods
      ---
      duration_ms: 0.191622
      ...
    1..2
ok 91 - Turnstile and payment registry exhaustive
  ---
  duration_ms: 0.848853
  type: 'suite'
  ...
# (node:225907) ExperimentalWarning: Type Stripping is an experimental feature and might change at any time
# (Use `node --trace-warnings ...` to show where the warning was created)
# Subtest: shipping rules
    # Subtest: uses 20 LYD inside Libya below the 70 USD free threshold
    ok 1 - uses 20 LYD inside Libya below the 70 USD free threshold
      ---
      duration_ms: 0.83892
      ...
    # Subtest: unlocks free delivery at 70 USD (630 LYD at the canonical rate)
    ok 2 - unlocks free delivery at 70 USD (630 LYD at the canonical rate)
      ---
      duration_ms: 0.153367
      ...
    # Subtest: applies paid shipping at 629 LYD equivalent and frees at 630/631 LYD
    ok 3 - applies paid shipping at 629 LYD equivalent and frees at 630/631 LYD
      ---
      duration_ms: 0.21875
      ...
    # Subtest: safely handles invalid rate and subtotal
    ok 4 - safely handles invalid rate and subtotal
      ---
      duration_ms: 0.103567
      ...
    # Subtest: does not charge shipping for digital-only carts
    ok 5 - does not charge shipping for digital-only carts
      ---
      duration_ms: 0.085805
      ...
    # Subtest: requires quotes for custom and large equipment
    ok 6 - requires quotes for custom and large equipment
      ---
      duration_ms: 5.620401
      ...
    # Subtest: uses configured international shipping including free rates
    ok 7 - uses configured international shipping including free rates
      ---
      duration_ms: 0.218698
      ...
    # Subtest: exposes promised delivery ranges and bilingual messages
    ok 8 - exposes promised delivery ranges and bilingual messages
      ---
      duration_ms: 0.613979
      ...
    1..8
ok 92 - shipping rules
  ---
  duration_ms: 8.731603
  type: 'suite'
  ...
# Subtest: shipping edge coverage
    # Subtest: normalizes empty and lowercase countries and invalid international rates
    ok 1 - normalizes empty and lowercase countries and invalid international rates
      ---
      duration_ms: 0.246961
      ...
    # Subtest: uses fallback rates for NaN, negative and missing exchange values
    ok 2 - uses fallback rates for NaN, negative and missing exchange values
      ---
      duration_ms: 0.207488
      ...
    # Subtest: clamps negative and huge subtotals and default options
    ok 3 - clamps negative and huge subtotals and default options
      ---
      duration_ms: 0.083615
      ...
    1..3
ok 93 - shipping edge coverage
  ---
  duration_ms: 0.666444
  type: 'suite'
  ...
# Subtest: shipping nullish subtotal branch
    # Subtest: treats a null subtotal as zero
    ok 1 - treats a null subtotal as zero
      ---
      duration_ms: 0.057409
      ...
    1..1
ok 94 - shipping nullish subtotal branch
  ---
  duration_ms: 0.091542
  type: 'suite'
  ...
# Subtest: loads a named HTTPS signature provider and supports the base API URL fallback
ok 95 - loads a named HTTPS signature provider and supports the base API URL fallback
  ---
  duration_ms: 0.900556
  ...
# Subtest: rejects unnamed, generic, incomplete and non-HTTPS provider configuration
ok 96 - rejects unnamed, generic, incomplete and non-HTTPS provider configuration
  ---
  duration_ms: 0.505642
  ...
# Subtest: creates a signature envelope with idempotency and rejects malformed provider responses
ok 97 - creates a signature envelope with idempotency and rejects malformed provider responses
  ---
  duration_ms: 18.076254
  ...
# Subtest: aborts an unresponsive signature provider using the configured timeout
ok 98 - aborts an unresponsive signature provider using the configured timeout
  ---
  duration_ms: 6.609791
  ...
# Subtest: verifies HMAC webhooks with a configurable header and rejects malformed signatures
ok 99 - verifies HMAC webhooks with a configurable header and rejects malformed signatures
  ---
  duration_ms: 0.912593
  ...
# Subtest: normalizes provider lifecycle events and preserves required signature evidence
ok 100 - normalizes provider lifecycle events and preserves required signature evidence
  ---
  duration_ms: 0.345161
  ...
# Subtest: simple PDF renderer branch-complete behavior
    # Subtest: escapes primitive values and renders every low-level primitive branch
    ok 1 - escapes primitive values and renders every low-level primitive branch
      ---
      duration_ms: 2.443208
      ...
    # Subtest: builds raw PDFs with default and supplied metadata
    ok 2 - builds raw PDFs with default and supplied metadata
      ---
      duration_ms: 0.552357
      ...
    # Subtest: covers text document pagination, empty sections and every row shape
    ok 3 - covers text document pagination, empty sections and every row shape
      ---
      duration_ms: 0.621635
      ...
    # Subtest: renders cover, artwork and tables with every fallback and optional column
    ok 4 - renders cover, artwork and tables with every fallback and optional column
      ---
      duration_ms: 11.409959
      ...
    # Subtest: creates documents from empty/full projects and all roster/layer fallbacks
    ok 5 - creates documents from empty/full projects and all roster/layer fallbacks
      ---
      duration_ms: 7.053547
      ...
    1..5
ok 101 - simple PDF renderer branch-complete behavior
  ---
  duration_ms: 22.82446
  type: 'suite'
  ...
# (node:225945) ExperimentalWarning: Type Stripping is an experimental feature and might change at any time
# (Use `node --trace-warnings ...` to show where the warning was created)
# Subtest: special request API
    # Subtest: creates an idempotent URL request with trusted normalized fields
    ok 1 - creates an idempotent URL request with trusted normalized fields
      ---
      duration_ms: 3.272621
      ...
    # Subtest: uploads one verified product image to private quarantine storage
    ok 2 - uploads one verified product image to private quarantine storage
      ---
      duration_ms: 0.87038
      ...
    # Subtest: reuses an idempotently uploaded quarantine object after a storage conflict
    ok 3 - reuses an idempotently uploaded quarantine object after a storage conflict
      ---
      duration_ms: 0.551519
      ...
    # Subtest: rejects unsafe or incomplete customer input without touching commerce data
    ok 4 - rejects unsafe or incomplete customer input without touching commerce data
      ---
      duration_ms: 1.057037
      ...
    # Subtest: enforces method, origin, size and captcha protections
    ok 5 - enforces method, origin, size and captcha protections
      ---
      duration_ms: 0.450676
      ...
    # Subtest: fails closed when the trusted database row cannot be created
    ok 6 - fails closed when the trusted database row cannot be created
      ---
      duration_ms: 0.731105
      ...
    1..6
ok 102 - special request API
  ---
  duration_ms: 7.648574
  type: 'suite'
  ...
# Subtest: special request production architecture
    # Subtest: uses idempotent database creation and private quarantine storage
    ok 1 - uses idempotent database creation and private quarantine storage
      ---
      duration_ms: 0.482363
      ...
    # Subtest: supports customer decisions and protected staff updates
    ok 2 - supports customer decisions and protected staff updates
      ---
      duration_ms: 0.169722
      ...
    1..2
ok 103 - special request production architecture
  ---
  duration_ms: 2.067367
  type: 'suite'
  ...
1..103
# tests 323
# suites 80
# pass 323
# fail 0
# cancelled 0
# skipped 0
# todo 0
# duration_ms 1367.026291
